../Core/Src/basic.c:11:10:GetTick	8	static
../Core/Src/basic.c:16:10:GetElapsedTick	24	static
../Core/Src/basic.c:28:5:__io_putchar	16	static
../Core/Src/basic.c:38:6:InitDWT	4	static
../Core/Src/basic.c:50:6:DelayUS	24	static
../Core/Src/basic.c:58:6:DelayMS	16	static
../Core/Src/basic.c:64:10:GetCycCnt	4	static
../Core/Src/basic.c:69:10:GetElapsedCycUS	24	static
../Core/Src/basic.c:95:6:InitUartRxInterrupt	8	static
../Core/Src/basic.c:105:6:HAL_UART_RxCpltCallback	16	static
../Core/Src/basic.c:126:9:GetUart2RxByte	16	static
../Core/Src/basic.c:138:9:GetUart5RxByte	16	static
