../Core/Src/fnd4_tm1637.c:32:13:set_pin_high	16	static
../Core/Src/fnd4_tm1637.c:36:13:set_pin_low	16	static
../Core/Src/fnd4_tm1637.c:40:13:delay_us	16	static
../Core/Src/fnd4_tm1637.c:48:13:TM1637_Start	16	static
../Core/Src/fnd4_tm1637.c:56:13:TM1637_Stop	16	static
../Core/Src/fnd4_tm1637.c:65:13:TM1637_WriteByte	24	static
../Core/Src/fnd4_tm1637.c:87:6:TM1637_Init	48	static
../Core/Src/fnd4_tm1637.c:102:6:TM1637_SetBrightness	16	static
../Core/Src/fnd4_tm1637.c:109:6:TM1637_DisplayNumber	24	static
../Core/Src/fnd4_tm1637.c:129:6:TM1637_DisplayRaw	32	static
../Core/Src/fnd4_tm1637.c:144:6:DisplayFnd4	16	static
../Core/Src/fnd4_tm1637.c:152:6:InitFndWork	16	static
../Core/Src/fnd4_tm1637.c:163:6:DoFndWork	8	static
