../Core/Src/lcd_keypad.c:18:6:LCD_Enable	8	static
../Core/Src/lcd_keypad.c:25:6:LCD_Send4Bit	16	static
../Core/Src/lcd_keypad.c:33:6:LCD_SendCommand	16	static
../Core/Src/lcd_keypad.c:39:6:LCD_SendData	16	static
../Core/Src/lcd_keypad.c:45:6:LCD_Init	8	static
../Core/Src/lcd_keypad.c:54:6:LCD_SetCursor	24	static
../Core/Src/lcd_keypad.c:60:6:LCD_Print	16	static
../Core/Src/lcd_keypad.c:71:13:IsDifferent	24	static
../Core/Src/lcd_keypad.c:90:13:SetLcdLine1	24	static
../Core/Src/lcd_keypad.c:103:13:SetLcdLine2	24	static
../Core/Src/lcd_keypad.c:117:6:PrintLcdLine1	16	static
../Core/Src/lcd_keypad.c:126:6:PrintLcdLine2	16	static
../Core/Src/lcd_keypad.c:135:13:UpdateLcd	16	static
../Core/Src/lcd_keypad.c:156:10:Read_ADC	8	static
../Core/Src/lcd_keypad.c:163:16:ReadKeypad	16	static
../Core/Src/lcd_keypad.c:175:6:InitLcdKeypadWork	8	static
../Core/Src/lcd_keypad.c:187:6:DoLcdKeypadWork	32	static
