../Core/Src/main.c:90:5:main	8	static
../Core/Src/main.c:146:6:SystemClock_Config	88	static
../Core/Src/main.c:188:13:MX_ADC1_Init	24	static
../Core/Src/main.c:240:13:MX_CAN1_Init	8	static
../Core/Src/main.c:276:13:MX_SPI1_Init	8	static
../Core/Src/main.c:314:13:MX_SPI2_Init	8	static
../Core/Src/main.c:352:13:MX_SPI3_Init	8	static
../Core/Src/main.c:390:13:MX_TIM1_Init	48	static
../Core/Src/main.c:449:13:MX_TIM2_Init	32	static
../Core/Src/main.c:494:13:MX_TIM3_Init	32	static
../Core/Src/main.c:539:13:MX_TIM4_Init	64	static
../Core/Src/main.c:598:13:MX_UART5_Init	8	static
../Core/Src/main.c:631:13:MX_USART2_UART_Init	8	static
../Core/Src/main.c:664:13:MX_GPIO_Init	48	static
../Core/Src/main.c:728:6:Error_Handler	4	static,ignoring_inline_asm
