../Core/Src/thermo_dht11.c:21:6:delay_us	16	static
../Core/Src/thermo_dht11.c:29:6:set_gpio_output	32	static
../Core/Src/thermo_dht11.c:42:6:set_gpio_input	32	static
../Core/Src/thermo_dht11.c:54:13:WriteDataPin	16	static
../Core/Src/thermo_dht11.c:59:16:ReadDataPin	8	static
../Core/Src/thermo_dht11.c:67:9:DHT11_start	24	static
../Core/Src/thermo_dht11.c:120:9:read_data	16	static
../Core/Src/thermo_dht11.c:140:6:DHT11_read	16	static
../Core/Src/thermo_dht11.c:161:6:InitThermoWork	8	static
../Core/Src/thermo_dht11.c:169:6:DoThermoWork	8	static
