../Core/Src/main.c:58:6:delay_us	16	static
../Core/Src/main.c:65:10:GetElapsedTick	24	static
../Core/Src/main.c:74:6:LCD_Enable	8	static
../Core/Src/main.c:81:6:LCD_Send4Bit	16	static
../Core/Src/main.c:89:6:LCD_SendCommand	16	static
../Core/Src/main.c:95:6:LCD_SendData	16	static
../Core/Src/main.c:101:6:LCD_Init	8	static
../Core/Src/main.c:110:6:LCD_SetCursor	24	static
../Core/Src/main.c:115:6:LCD_Print	16	static
../Core/Src/main.c:139:6:ToggleRunLed	8	static
../Core/Src/main.c:146:6:ChangeRunLed	8	static
../Core/Src/main.c:157:10:Read_ADC	8	static
../Core/Src/main.c:169:9:ReadButton	16	static
../Core/Src/main.c:180:6:InitWork	8	static
../Core/Src/main.c:194:6:DoWork	48	static
../Core/Src/main.c:228:5:main	8	static
../Core/Src/main.c:276:6:SystemClock_Config	88	static
../Core/Src/main.c:318:13:MX_ADC1_Init	24	static
../Core/Src/main.c:370:13:MX_TIM2_Init	32	static
../Core/Src/main.c:415:13:MX_GPIO_Init	48	static
../Core/Src/main.c:469:6:Error_Handler	4	static,ignoring_inline_asm
