../Core/Src/st7789.c:20:13:ST7789_WriteCommand	24	static
../Core/Src/st7789.c:39:13:ST7789_WriteData	24	static
../Core/Src/st7789.c:74:13:ST7789_WriteSmallData	24	static
../Core/Src/st7789.c:89:6:ST7789_SetRotation	16	static
../Core/Src/st7789.c:115:13:ST7789_SetAddressWindow	40	static
../Core/Src/st7789.c:144:6:ST7789_Init	56	static
../Core/Src/st7789.c:209:6:ST7789_Fill_Color	24	static
../Core/Src/st7789.c:238:6:ST7789_DrawPixel	24	static
../Core/Src/st7789.c:257:6:ST7789_Fill	32	static
../Core/Src/st7789.c:278:6:ST7789_DrawPixel_4px	32	static
../Core/Src/st7789.c:294:6:ST7789_DrawLine	40	static
../Core/Src/st7789.c:355:6:ST7789_DrawRectangle	32	static
../Core/Src/st7789.c:372:6:ST7789_DrawCircle	40	static
../Core/Src/st7789.c:416:6:ST7789_DrawImage	24	static
../Core/Src/st7789.c:436:6:ST7789_InvertColors	16	static
../Core/Src/st7789.c:516:6:ST7789_DrawFilledRectangle	40	static
../Core/Src/st7789.c:550:6:ST7789_DrawTriangle	32	static
../Core/Src/st7789.c:566:6:ST7789_DrawFilledTriangle	64	static
../Core/Src/st7789.c:635:6:ST7789_DrawFilledCircle	48	static
../Core/Src/st7789.c:675:6:ST7789_TearEffect	16	static
../Core/Src/st7789.c:688:6:ST7789_Test	8	static
