18:24:51 **** Incremental Build of configuration Debug for project rf_nrf24l01 ****
make -j6 all 
arm-none-eabi-gcc "../Core/Src/main.c" -mcpu=cortex-m3 -std=gnu11 -g3 -DDEBUG -DUSE_HAL_DRIVER -DSTM32F103xB -c -I../Core/Inc -I../Drivers/STM32F1xx_HAL_Driver/Inc/Legacy -I../Drivers/STM32F1xx_HAL_Driver/Inc -I../Drivers/CMSIS/Device/ST/STM32F1xx/Include -I../Drivers/CMSIS/Include -O0 -ffunction-sections -fdata-sections -Wall -fstack-usage -fcyclomatic-complexity -MMD -MP -MF"Core/Src/main.d" -MT"Core/Src/main.o" --specs=nano.specs -mfloat-abi=soft -mthumb -o "Core/Src/main.o"
arm-none-eabi-gcc -o "rf_nrf24l01.elf" @"objects.list"   -mcpu=cortex-m3 -T"D:\code\stm32\code-f103\rf_nrf24l01\STM32F103C8TX_FLASH.ld" --specs=nosys.specs -Wl,-Map="rf_nrf24l01.map" -Wl,--gc-sections -static --specs=nano.specs -mfloat-abi=soft -mthumb -Wl,--start-group -lc -lm -Wl,--end-group
Finished building target: rf_nrf24l01.elf
 
arm-none-eabi-size  rf_nrf24l01.elf 
arm-none-eabi-objdump -h -S rf_nrf24l01.elf  > "rf_nrf24l01.list"
   text	   data	    bss	    dec	    hex	filename
  15332	    112	   2064	  17508	   4464	rf_nrf24l01.elf
arm-none-eabi-objcopy  -O ihex rf_nrf24l01.elf  "rf_nrf24l01.hex"
Finished building: default.size.stdout
arm-none-eabi-objcopy  -O binary rf_nrf24l01.elf  "rf_nrf24l01.bin"
 
Finished building: rf_nrf24l01.list
Finished building: rf_nrf24l01.hex
 
 
Finished building: rf_nrf24l01.bin
 

18:24:53 Build Finished. 0 errors, 0 warnings. (took 2s.622ms)

