Archive member included to satisfy reference by file (symbol)

C:/ST/STM32CubeIDE_1.17.0/STM32CubeIDE/plugins/com.st.stm32cube.ide.mcu.externaltools.gnu-tools-for-stm32.12.3.rel1.win32_1.1.0.202410251130/tools/bin/../lib/gcc/arm-none-eabi/12.3.1/../../../../arm-none-eabi/lib/thumb/v7-m/nofp\libc_nano.a(libc_a-exit.o)
                              C:/ST/STM32CubeIDE_1.17.0/STM32CubeIDE/plugins/com.st.stm32cube.ide.mcu.externaltools.gnu-tools-for-stm32.12.3.rel1.win32_1.1.0.202410251130/tools/bin/../lib/gcc/arm-none-eabi/12.3.1/../../../../arm-none-eabi/lib/thumb/v7-m/nofp/crt0.o (exit)
C:/ST/STM32CubeIDE_1.17.0/STM32CubeIDE/plugins/com.st.stm32cube.ide.mcu.externaltools.gnu-tools-for-stm32.12.3.rel1.win32_1.1.0.202410251130/tools/bin/../lib/gcc/arm-none-eabi/12.3.1/../../../../arm-none-eabi/lib/thumb/v7-m/nofp\libc_nano.a(libc_a-findfp.o)
                              C:/ST/STM32CubeIDE_1.17.0/STM32CubeIDE/plugins/com.st.stm32cube.ide.mcu.externaltools.gnu-tools-for-stm32.12.3.rel1.win32_1.1.0.202410251130/tools/bin/../lib/gcc/arm-none-eabi/12.3.1/../../../../arm-none-eabi/lib/thumb/v7-m/nofp\libc_nano.a(libc_a-exit.o) (__stdio_exit_handler)
C:/ST/STM32CubeIDE_1.17.0/STM32CubeIDE/plugins/com.st.stm32cube.ide.mcu.externaltools.gnu-tools-for-stm32.12.3.rel1.win32_1.1.0.202410251130/tools/bin/../lib/gcc/arm-none-eabi/12.3.1/../../../../arm-none-eabi/lib/thumb/v7-m/nofp\libc_nano.a(libc_a-fwalk.o)
                              C:/ST/STM32CubeIDE_1.17.0/STM32CubeIDE/plugins/com.st.stm32cube.ide.mcu.externaltools.gnu-tools-for-stm32.12.3.rel1.win32_1.1.0.202410251130/tools/bin/../lib/gcc/arm-none-eabi/12.3.1/../../../../arm-none-eabi/lib/thumb/v7-m/nofp\libc_nano.a(libc_a-findfp.o) (_fwalk_sglue)
C:/ST/STM32CubeIDE_1.17.0/STM32CubeIDE/plugins/com.st.stm32cube.ide.mcu.externaltools.gnu-tools-for-stm32.12.3.rel1.win32_1.1.0.202410251130/tools/bin/../lib/gcc/arm-none-eabi/12.3.1/../../../../arm-none-eabi/lib/thumb/v7-m/nofp\libc_nano.a(libc_a-printf.o)
                              ./Core/Src/main.o (printf)
C:/ST/STM32CubeIDE_1.17.0/STM32CubeIDE/plugins/com.st.stm32cube.ide.mcu.externaltools.gnu-tools-for-stm32.12.3.rel1.win32_1.1.0.202410251130/tools/bin/../lib/gcc/arm-none-eabi/12.3.1/../../../../arm-none-eabi/lib/thumb/v7-m/nofp\libc_nano.a(libc_a-puts.o)
                              ./Core/Src/main.o (puts)
C:/ST/STM32CubeIDE_1.17.0/STM32CubeIDE/plugins/com.st.stm32cube.ide.mcu.externaltools.gnu-tools-for-stm32.12.3.rel1.win32_1.1.0.202410251130/tools/bin/../lib/gcc/arm-none-eabi/12.3.1/../../../../arm-none-eabi/lib/thumb/v7-m/nofp\libc_nano.a(libc_a-stdio.o)
                              C:/ST/STM32CubeIDE_1.17.0/STM32CubeIDE/plugins/com.st.stm32cube.ide.mcu.externaltools.gnu-tools-for-stm32.12.3.rel1.win32_1.1.0.202410251130/tools/bin/../lib/gcc/arm-none-eabi/12.3.1/../../../../arm-none-eabi/lib/thumb/v7-m/nofp\libc_nano.a(libc_a-findfp.o) (__sread)
C:/ST/STM32CubeIDE_1.17.0/STM32CubeIDE/plugins/com.st.stm32cube.ide.mcu.externaltools.gnu-tools-for-stm32.12.3.rel1.win32_1.1.0.202410251130/tools/bin/../lib/gcc/arm-none-eabi/12.3.1/../../../../arm-none-eabi/lib/thumb/v7-m/nofp\libc_nano.a(libc_a-wbuf.o)
                              C:/ST/STM32CubeIDE_1.17.0/STM32CubeIDE/plugins/com.st.stm32cube.ide.mcu.externaltools.gnu-tools-for-stm32.12.3.rel1.win32_1.1.0.202410251130/tools/bin/../lib/gcc/arm-none-eabi/12.3.1/../../../../arm-none-eabi/lib/thumb/v7-m/nofp\libc_nano.a(libc_a-puts.o) (__swbuf_r)
C:/ST/STM32CubeIDE_1.17.0/STM32CubeIDE/plugins/com.st.stm32cube.ide.mcu.externaltools.gnu-tools-for-stm32.12.3.rel1.win32_1.1.0.202410251130/tools/bin/../lib/gcc/arm-none-eabi/12.3.1/../../../../arm-none-eabi/lib/thumb/v7-m/nofp\libc_nano.a(libc_a-wsetup.o)
                              C:/ST/STM32CubeIDE_1.17.0/STM32CubeIDE/plugins/com.st.stm32cube.ide.mcu.externaltools.gnu-tools-for-stm32.12.3.rel1.win32_1.1.0.202410251130/tools/bin/../lib/gcc/arm-none-eabi/12.3.1/../../../../arm-none-eabi/lib/thumb/v7-m/nofp\libc_nano.a(libc_a-puts.o) (__swsetup_r)
C:/ST/STM32CubeIDE_1.17.0/STM32CubeIDE/plugins/com.st.stm32cube.ide.mcu.externaltools.gnu-tools-for-stm32.12.3.rel1.win32_1.1.0.202410251130/tools/bin/../lib/gcc/arm-none-eabi/12.3.1/../../../../arm-none-eabi/lib/thumb/v7-m/nofp\libc_nano.a(libc_a-memset.o)
                              C:/ST/STM32CubeIDE_1.17.0/STM32CubeIDE/plugins/com.st.stm32cube.ide.mcu.externaltools.gnu-tools-for-stm32.12.3.rel1.win32_1.1.0.202410251130/tools/bin/../lib/gcc/arm-none-eabi/12.3.1/../../../../arm-none-eabi/lib/thumb/v7-m/nofp/crt0.o (memset)
C:/ST/STM32CubeIDE_1.17.0/STM32CubeIDE/plugins/com.st.stm32cube.ide.mcu.externaltools.gnu-tools-for-stm32.12.3.rel1.win32_1.1.0.202410251130/tools/bin/../lib/gcc/arm-none-eabi/12.3.1/../../../../arm-none-eabi/lib/thumb/v7-m/nofp\libc_nano.a(libc_a-closer.o)
[...]
Memory Configuration

Name             Origin             Length             Attributes
RAM              0x20000000         0x00005000         xrw
FLASH            0x08000000         0x00010000         xr
*default*        0x00000000         0xffffffff

Linker script and memory map

LOAD C:/ST/STM32CubeIDE_1.17.0/STM32CubeIDE/plugins/com.st.stm32cube.ide.mcu.externaltools.gnu-tools-for-stm32.12.3.rel1.win32_1.1.0.202410251130/tools/bin/../lib/gcc/arm-none-eabi/12.3.1/thumb/v7-m/nofp/crti.o
LOAD C:/ST/STM32CubeIDE_1.17.0/STM32CubeIDE/plugins/com.st.stm32cube.ide.mcu.externaltools.gnu-tools-for-stm32.12.3.rel1.win32_1.1.0.202410251130/tools/bin/../lib/gcc/arm-none-eabi/12.3.1/thumb/v7-m/nofp/crtbegin.o
LOAD C:/ST/STM32CubeIDE_1.17.0/STM32CubeIDE/plugins/com.st.stm32cube.ide.mcu.externaltools.gnu-tools-for-stm32.12.3.rel1.win32_1.1.0.202410251130/tools/bin/../lib/gcc/arm-none-eabi/12.3.1/../../../../arm-none-eabi/lib/thumb/v7-m/nofp/crt0.o
LOAD ./Core/Src/fatfs_sd.o
LOAD ./Core/Src/main.o
LOAD ./Core/Src/stm32f1xx_hal_msp.o
LOAD ./Core/Src/stm32f1xx_it.o
LOAD ./Core/Src/syscalls.o
LOAD ./Core/Src/sysmem.o
LOAD ./Core/Src/system_stm32f1xx.o
LOAD ./Core/Startup/startup_stm32f103c8tx.o
LOAD ./Drivers/STM32F1xx_HAL_Driver/Src/stm32f1xx_hal.o
LOAD ./Drivers/STM32F1xx_HAL_Driver/Src/stm32f1xx_hal_cortex.o
LOAD ./Drivers/STM32F1xx_HAL_Driver/Src/stm32f1xx_hal_dma.o
LOAD ./Drivers/STM32F1xx_HAL_Driver/Src/stm32f1xx_hal_exti.o
LOAD ./Drivers/STM32F1xx_HAL_Driver/Src/stm32f1xx_hal_flash.o
LOAD ./Drivers/STM32F1xx_HAL_Driver/Src/stm32f1xx_hal_flash_ex.o
LOAD ./Drivers/STM32F1xx_HAL_Driver/Src/stm32f1xx_hal_gpio.o
LOAD ./Drivers/STM32F1xx_HAL_Driver/Src/stm32f1xx_hal_gpio_ex.o
LOAD ./Drivers/STM32F1xx_HAL_Driver/Src/stm32f1xx_hal_pwr.o
LOAD ./Drivers/STM32F1xx_HAL_Driver/Src/stm32f1xx_hal_rcc.o
LOAD ./Drivers/STM32F1xx_HAL_Driver/Src/stm32f1xx_hal_rcc_ex.o
LOAD ./Drivers/STM32F1xx_HAL_Driver/Src/stm32f1xx_hal_spi.o
LOAD ./Drivers/STM32F1xx_HAL_Driver/Src/stm32f1xx_hal_uart.o
LOAD ./FATFS/App/fatfs.o
LOAD ./FATFS/Target/user_diskio.o
LOAD ./Middlewares/Third_Party/FatFs/src/diskio.o
LOAD ./Middlewares/Third_Party/FatFs/src/ff.o
LOAD ./Middlewares/Third_Party/FatFs/src/ff_gen_drv.o
LOAD ./Middlewares/Third_Party/FatFs/src/option/ccsbcs.o
LOAD ./Middlewares/Third_Party/FatFs/src/option/syscall.o
START GROUP
LOAD C:/ST/STM32CubeIDE_1.17.0/STM32CubeIDE/plugins/com.st.stm32cube.ide.mcu.externaltools.gnu-tools-for-stm32.12.3.rel1.win32_1.1.0.202410251130/tools/bin/../lib/gcc/arm-none-eabi/12.3.1/../../../../arm-none-eabi/lib/thumb/v7-m/nofp\libc_nano.a
LOAD C:/ST/STM32CubeIDE_1.17.0/STM32CubeIDE/plugins/com.st.stm32cube.ide.mcu.externaltools.gnu-tools-for-stm32.12.3.rel1.win32_1.1.0.202410251130/tools/bin/../lib/gcc/arm-none-eabi/12.3.1/../../../../arm-none-eabi/lib/thumb/v7-m/nofp\libm.a
END GROUP
START GROUP
LOAD C:/ST/STM32CubeIDE_1.17.0/STM32CubeIDE/plugins/com.st.stm32cube.ide.mcu.externaltools.gnu-tools-for-stm32.12.3.rel1.win32_1.1.0.202410251130/tools/bin/../lib/gcc/arm-none-eabi/12.3.1/thumb/v7-m/nofp\libgcc.a
LOAD C:/ST/STM32CubeIDE_1.17.0/STM32CubeIDE/plugins/com.st.stm32cube.ide.mcu.externaltools.gnu-tools-for-stm32.12.3.rel1.win32_1.1.0.202410251130/tools/bin/../lib/gcc/arm-none-eabi/12.3.1/../../../../arm-none-eabi/lib/thumb/v7-m/nofp\libc_nano.a
END GROUP
START GROUP
LOAD C:/ST/STM32CubeIDE_1.17.0/STM32CubeIDE/plugins/com.st.stm32cube.ide.mcu.externaltools.gnu-tools-for-stm32.12.3.rel1.win32_1.1.0.202410251130/tools/bin/../lib/gcc/arm-none-eabi/12.3.1/thumb/v7-m/nofp\libgcc.a
LOAD C:/ST/STM32CubeIDE_1.17.0/STM32CubeIDE/plugins/com.st.stm32cube.ide.mcu.externaltools.gnu-tools-for-stm32.12.3.rel1.win32_1.1.0.202410251130/tools/bin/../lib/gcc/arm-none-eabi/12.3.1/../../../../arm-none-eabi/lib/thumb/v7-m/nofp\libc_nano.a
LOAD C:/ST/STM32CubeIDE_1.17.0/STM32CubeIDE/plugins/com.st.stm32cube.ide.mcu.externaltools.gnu-tools-for-stm32.12.3.rel1.win32_1.1.0.202410251130/tools/bin/../lib/gcc/arm-none-eabi/12.3.1/../../../../arm-none-eabi/lib/thumb/v7-m/nofp\libnosys.a
END GROUP
START GROUP
LOAD C:/ST/STM32CubeIDE_1.17.0/STM32CubeIDE/plugins/com.st.stm32cube.ide.mcu.externaltools.gnu-tools-for-stm32.12.3.rel1.win32_1.1.0.202410251130/tools/bin/../lib/gcc/arm-none-eabi/12.3.1/thumb/v7-m/nofp\libgcc.a
LOAD C:/ST/STM32CubeIDE_1.17.0/STM32CubeIDE/plugins/com.st.stm32cube.ide.mcu.externaltools.gnu-tools-for-stm32.12.3.rel1.win32_1.1.0.202410251130/tools/bin/../lib/gcc/arm-none-eabi/12.3.1/../../../../arm-none-eabi/lib/thumb/v7-m/nofp\libc_nano.a
LOAD C:/ST/STM32CubeIDE_1.17.0/STM32CubeIDE/plugins/com.st.stm32cube.ide.mcu.externaltools.gnu-tools-for-stm32.12.3.rel1.win32_1.1.0.202410251130/tools/bin/../lib/gcc/arm-none-eabi/12.3.1/../../../../arm-none-eabi/lib/thumb/v7-m/nofp\libnosys.a
END GROUP
LOAD C:/ST/STM32CubeIDE_1.17.0/STM32CubeIDE/plugins/com.st.stm32cube.ide.mcu.externaltools.gnu-tools-for-stm32.12.3.rel1.win32_1.1.0.202410251130/tools/bin/../lib/gcc/arm-none-eabi/12.3.1/thumb/v7-m/nofp/crtend.o
LOAD C:/ST/STM32CubeIDE_1.17.0/STM32CubeIDE/plugins/com.st.stm32cube.ide.mcu.externaltools.gnu-tools-for-stm32.12.3.rel1.win32_1.1.0.202410251130/tools/bin/../lib/gcc/arm-none-eabi/12.3.1/thumb/v7-m/nofp/crtn.o
                0x20005000                        _estack = (ORIGIN (RAM) + LENGTH (RAM))
                0x00000200                        _Min_Heap_Size = 0x200
                0x00000400                        _Min_Stack_Size = 0x400

.isr_vector     0x08000000      0x10c
                0x08000000                        . = ALIGN (0x4)
 *(.isr_vector)
 .isr_vector    0x08000000      0x10c ./Core/Startup/startup_stm32f103c8tx.o
                0x08000000                g_pfnVectors
                0x0800010c                        . = ALIGN (0x4)

.text           0x0800010c     0x80d4
                0x0800010c                        . = ALIGN (0x4)
 *(.text)
 .text          0x0800010c       0x40 C:/ST/STM32CubeIDE_1.17.0/STM32CubeIDE/plugins/com.st.stm32cube.ide.mcu.externaltools.gnu-tools-for-stm32.12.3.rel1.win32_1.1.0.202410251130/tools/bin/../lib/gcc/arm-none-eabi/12.3.1/thumb/v7-m/nofp/crtbegin.o
 .text          0x0800014c      0x254 C:/ST/STM32CubeIDE_1.17.0/STM32CubeIDE/plugins/com.st.stm32cube.ide.mcu.externaltools.gnu-tools-for-stm32.12.3.rel1.win32_1.1.0.202410251130/tools/bin/../lib/gcc/arm-none-eabi/12.3.1/thumb/v7-m/nofp\libgcc.a(_arm_muldf3.o)
                0x0800014c                __muldf3
                0x0800014c                __aeabi_dmul
 .text          0x080003a0      0x378 C:/ST/STM32CubeIDE_1.17.0/STM32CubeIDE/plugins/com.st.stm32cube.ide.mcu.externaltools.gnu-tools-for-stm32.12.3.rel1.win32_1.1.0.202410251130/tools/bin/../lib/gcc/arm-none-eabi/12.3.1/thumb/v7-m/nofp\libgcc.a(_arm_addsubdf3.o)
                0x080003a0                __aeabi_drsub
                0x080003a8                __aeabi_dsub
                0x080003a8                __subdf3
                0x080003ac                __aeabi_dadd
                0x080003ac                __adddf3
                0x08000624                __floatunsidf
                0x08000624                __aeabi_ui2d
                0x08000644                __floatsidf
                0x08000644                __aeabi_i2d
                0x08000668                __aeabi_f2d
                0x08000668                __extendsfdf2
                0x080006ac                __floatundidf
                0x080006ac                __aeabi_ul2d
                0x080006bc                __floatdidf
                0x080006bc                __aeabi_l2d
 .text          0x08000718       0x40 C:/ST/STM32CubeIDE_1.17.0/STM32CubeIDE/plugins/com.st.stm32cube.ide.mcu.externaltools.gnu-tools-for-stm32.12.3.rel1.win32_1.1.0.202410251130/tools/bin/../lib/gcc/arm-none-eabi/12.3.1/thumb/v7-m/nofp\libgcc.a(_arm_fixunsdfsi.o)
                0x08000718                __aeabi_d2uiz
                0x08000718                __fixunsdfsi
 *(.text*)
 .text.SELECT   0x08000758       0x18 ./Core/Src/fatfs_sd.o
 .text.DESELECT
                0x08000770       0x18 ./Core/Src/fatfs_sd.o
 .text.SPI_TxByte
                0x08000788       0x34 ./Core/Src/fatfs_sd.o
 .text.SPI_RxByte
                0x080007bc       0x3c ./Core/Src/fatfs_sd.o
 .text.SPI_RxBytePtr
                0x080007f8       0x1c ./Core/Src/fatfs_sd.o
 .text.SD_ReadyWait
                0x08000814       0x38 ./Core/Src/fatfs_sd.o
 .text.SD_PowerOn
                0x0800084c       0x98 ./Core/Src/fatfs_sd.o
 .text.SD_PowerOff
                0x080008e4       0x18 ./Core/Src/fatfs_sd.o
 .text.SD_CheckPower
                0x080008fc       0x14 ./Core/Src/fatfs_sd.o
 .text.SD_RxDataBlock
                0x08000910       0x6c ./Core/Src/fatfs_sd.o
 .text.SD_TxDataBlock
                0x0800097c       0xa8 ./Core/Src/fatfs_sd.o
 .text.SD_SendCmd
                0x08000a24       0xa4 ./Core/Src/fatfs_sd.o
 .text.SD_disk_initialize
                0x08000ac8      0x1d4 ./Core/Src/fatfs_sd.o
                0x08000ac8                SD_disk_initialize
 .text.SD_disk_status
                0x08000c9c       0x28 ./Core/Src/fatfs_sd.o
                0x08000c9c                SD_disk_status
 .text.SD_disk_read
                0x08000cc4       0xd4 ./Core/Src/fatfs_sd.o
                0x08000cc4                SD_disk_read
 .text.SD_disk_write
                0x08000d98      0x108 ./Core/Src/fatfs_sd.o
                0x08000d98                SD_disk_write
 .text.SD_disk_ioctl
                0x08000ea0      0x260 ./Core/Src/fatfs_sd.o
                0x08000ea0                SD_disk_ioctl
 .text._Error_Handler
                0x08001100       0x20 ./Core/Src/main.o
                0x08001100                _Error_Handler
 .text.__io_putchar
                0x08001120       0x30 ./Core/Src/main.o
                0x08001120                __io_putchar
 .text.main     0x08001150      0x1a4 ./Core/Src/main.o
                0x08001150                main
 .text.SystemClock_Config
                0x080012f4       0x8a ./Core/Src/main.o
                0x080012f4                SystemClock_Config
 *fill*         0x0800137e        0x2 
 .text.MX_SPI1_Init
                0x08001380       0x6c ./Core/Src/main.o
 .text.MX_USART1_UART_Init
                0x080013ec       0x54 ./Core/Src/main.o
 .text.MX_GPIO_Init
                0x08001440       0x98 ./Core/Src/main.o
 .text.Error_Handler
                0x080014d8        0xc ./Core/Src/main.o
                0x080014d8                Error_Handler
 .text.HAL_MspInit
                0x080014e4       0x64 ./Core/Src/stm32f1xx_hal_msp.o
                0x080014e4                HAL_MspInit
 .text.HAL_SPI_MspInit
                0x08001548       0x94 ./Core/Src/stm32f1xx_hal_msp.o
                0x08001548                HAL_SPI_MspInit
 .text.HAL_UART_MspInit
                0x080015dc       0x98 ./Core/Src/stm32f1xx_hal_msp.o
                0x080015dc                HAL_UART_MspInit
 .text.SDTimer_Handler
                0x08001674       0x44 ./Core/Src/stm32f1xx_it.o
                0x08001674                SDTimer_Handler
 .text.NMI_Handler
                0x080016b8        0x8 ./Core/Src/stm32f1xx_it.o
                0x080016b8                NMI_Handler
 .text.HardFault_Handler
                0x080016c0        0x8 ./Core/Src/stm32f1xx_it.o
                0x080016c0                HardFault_Handler
 .text.MemManage_Handler
                0x080016c8        0x8 ./Core/Src/stm32f1xx_it.o
                0x080016c8                MemManage_Handler
 .text.BusFault_Handler
                0x080016d0        0x8 ./Core/Src/stm32f1xx_it.o
                0x080016d0                BusFault_Handler
 .text.UsageFault_Handler
                0x080016d8        0x8 ./Core/Src/stm32f1xx_it.o
                0x080016d8                UsageFault_Handler
 .text.SVC_Handler
                0x080016e0        0xc ./Core/Src/stm32f1xx_it.o
                0x080016e0                SVC_Handler
 .text.DebugMon_Handler
                0x080016ec        0xc ./Core/Src/stm32f1xx_it.o
                0x080016ec                DebugMon_Handler
 .text.PendSV_Handler
                0x080016f8        0xc ./Core/Src/stm32f1xx_it.o
                0x080016f8                PendSV_Handler
 .text.SysTick_Handler
                0x08001704       0x34 ./Core/Src/stm32f1xx_it.o
                0x08001704                SysTick_Handler
 .text._read    0x08001738       0x3a ./Core/Src/syscalls.o
                0x08001738                _read
 .text._write   0x08001772       0x38 ./Core/Src/syscalls.o
                0x08001772                _write
 .text._close   0x080017aa       0x16 ./Core/Src/syscalls.o
                0x080017aa                _close
 .text._fstat   0x080017c0       0x1e ./Core/Src/syscalls.o
                0x080017c0                _fstat
 .text._isatty  0x080017de       0x14 ./Core/Src/syscalls.o
                0x080017de                _isatty
 .text._lseek   0x080017f2       0x18 ./Core/Src/syscalls.o
                0x080017f2                _lseek
 *fill*         0x0800180a        0x2 
 .text._sbrk    0x0800180c       0x6c ./Core/Src/sysmem.o
                0x0800180c                _sbrk
 .text.SystemInit
                0x08001878        0xc ./Core/Src/system_stm32f1xx.o
                0x08001878                SystemInit
 .text.Reset_Handler
                0x08001884       0x48 ./Core/Startup/startup_stm32f103c8tx.o
                0x08001884                Reset_Handler
 .text.Default_Handler
                0x080018cc        0x2 ./Core/Startup/startup_stm32f103c8tx.o
                0x080018cc                RTC_Alarm_IRQHandler
                0x080018cc                EXTI2_IRQHandler
                0x080018cc                TIM1_CC_IRQHandler
                0x080018cc                PVD_IRQHandler
                0x080018cc                EXTI3_IRQHandler
                0x080018cc                EXTI0_IRQHandler
                0x080018cc                I2C2_EV_IRQHandler
                0x080018cc                ADC1_2_IRQHandler
                0x080018cc                SPI1_IRQHandler
                0x080018cc                TAMPER_IRQHandler
                0x080018cc                DMA1_Channel4_IRQHandler
                0x080018cc                USART3_IRQHandler
                0x080018cc                RTC_IRQHandler
                0x080018cc                DMA1_Channel7_IRQHandler
                0x080018cc                CAN1_RX1_IRQHandler
                0x080018cc                TIM4_IRQHandler
                0x080018cc                I2C1_EV_IRQHandler
                0x080018cc                DMA1_Channel6_IRQHandler
                0x080018cc                TIM3_IRQHandler
                0x080018cc                RCC_IRQHandler
                0x080018cc                TIM1_TRG_COM_IRQHandler
                0x080018cc                DMA1_Channel1_IRQHandler
                0x080018cc                Default_Handler
                0x080018cc                EXTI15_10_IRQHandler
                0x080018cc                EXTI9_5_IRQHandler
                0x080018cc                SPI2_IRQHandler
                0x080018cc                DMA1_Channel5_IRQHandler
                0x080018cc                EXTI4_IRQHandler
                0x080018cc                USB_LP_CAN1_RX0_IRQHandler
                0x080018cc                USB_HP_CAN1_TX_IRQHandler
                0x080018cc                DMA1_Channel3_IRQHandler
                0x080018cc                TIM1_UP_IRQHandler
                0x080018cc                WWDG_IRQHandler
                0x080018cc                TIM2_IRQHandler
                0x080018cc                TIM1_BRK_IRQHandler
                0x080018cc                EXTI1_IRQHandler
                0x080018cc                USART2_IRQHandler
                0x080018cc                I2C2_ER_IRQHandler
                0x080018cc                DMA1_Channel2_IRQHandler
                0x080018cc                CAN1_SCE_IRQHandler
                0x080018cc                FLASH_IRQHandler
                0x080018cc                USART1_IRQHandler
                0x080018cc                I2C1_ER_IRQHandler
                0x080018cc                USBWakeUp_IRQHandler
 *fill*         0x080018ce        0x2 
 .text.HAL_Init
                0x080018d0       0x2c ./Drivers/STM32F1xx_HAL_Driver/Src/stm32f1xx_hal.o
                0x080018d0                HAL_Init
 .text.HAL_InitTick
                0x080018fc       0x60 ./Drivers/STM32F1xx_HAL_Driver/Src/stm32f1xx_hal.o
                0x080018fc                HAL_InitTick
 .text.HAL_IncTick
                0x0800195c       0x24 ./Drivers/STM32F1xx_HAL_Driver/Src/stm32f1xx_hal.o
                0x0800195c                HAL_IncTick
 .text.HAL_GetTick
                0x08001980       0x14 ./Drivers/STM32F1xx_HAL_Driver/Src/stm32f1xx_hal.o
                0x08001980                HAL_GetTick
 .text.__NVIC_SetPriorityGrouping
                0x08001994       0x48 ./Drivers/STM32F1xx_HAL_Driver/Src/stm32f1xx_hal_cortex.o
 .text.__NVIC_GetPriorityGrouping
                0x080019dc       0x1c ./Drivers/STM32F1xx_HAL_Driver/Src/stm32f1xx_hal_cortex.o
 .text.__NVIC_SetPriority
                0x080019f8       0x54 ./Drivers/STM32F1xx_HAL_Driver/Src/stm32f1xx_hal_cortex.o
 .text.NVIC_EncodePriority
                0x08001a4c       0x64 ./Drivers/STM32F1xx_HAL_Driver/Src/stm32f1xx_hal_cortex.o
 .text.SysTick_Config
                0x08001ab0       0x44 ./Drivers/STM32F1xx_HAL_Driver/Src/stm32f1xx_hal_cortex.o
 .text.HAL_NVIC_SetPriorityGrouping
                0x08001af4       0x16 ./Drivers/STM32F1xx_HAL_Driver/Src/stm32f1xx_hal_cortex.o
                0x08001af4                HAL_NVIC_SetPriorityGrouping
 .text.HAL_NVIC_SetPriority
                0x08001b0a       0x38 ./Drivers/STM32F1xx_HAL_Driver/Src/stm32f1xx_hal_cortex.o
                0x08001b0a                HAL_NVIC_SetPriority
 .text.HAL_SYSTICK_Config
                0x08001b42       0x18 ./Drivers/STM32F1xx_HAL_Driver/Src/stm32f1xx_hal_cortex.o
                0x08001b42                HAL_SYSTICK_Config
 *fill*         0x08001b5a        0x2 
 .text.HAL_GPIO_Init
                0x08001b5c      0x308 ./Drivers/STM32F1xx_HAL_Driver/Src/stm32f1xx_hal_gpio.o
                0x08001b5c                HAL_GPIO_Init
 .text.HAL_GPIO_WritePin
                0x08001e64       0x30 ./Drivers/STM32F1xx_HAL_Driver/Src/stm32f1xx_hal_gpio.o
                0x08001e64                HAL_GPIO_WritePin
 .text.HAL_RCC_OscConfig
                0x08001e94      0x504 ./Drivers/STM32F1xx_HAL_Driver/Src/stm32f1xx_hal_rcc.o
                0x08001e94                HAL_RCC_OscConfig
 .text.HAL_RCC_ClockConfig
                0x08002398      0x1d4 ./Drivers/STM32F1xx_HAL_Driver/Src/stm32f1xx_hal_rcc.o
                0x08002398                HAL_RCC_ClockConfig
 .text.HAL_RCC_GetSysClockFreq
                0x0800256c       0xa8 ./Drivers/STM32F1xx_HAL_Driver/Src/stm32f1xx_hal_rcc.o
                0x0800256c                HAL_RCC_GetSysClockFreq
 .text.HAL_RCC_GetHCLKFreq
                0x08002614       0x14 ./Drivers/STM32F1xx_HAL_Driver/Src/stm32f1xx_hal_rcc.o
                0x08002614                HAL_RCC_GetHCLKFreq
 .text.HAL_RCC_GetPCLK1Freq
                0x08002628       0x28 ./Drivers/STM32F1xx_HAL_Driver/Src/stm32f1xx_hal_rcc.o
                0x08002628                HAL_RCC_GetPCLK1Freq
 .text.HAL_RCC_GetPCLK2Freq
                0x08002650       0x28 ./Drivers/STM32F1xx_HAL_Driver/Src/stm32f1xx_hal_rcc.o
                0x08002650                HAL_RCC_GetPCLK2Freq
 .text.RCC_Delay
                0x08002678       0x3c ./Drivers/STM32F1xx_HAL_Driver/Src/stm32f1xx_hal_rcc.o
 .text.HAL_SPI_Init
                0x080026b4      0x108 ./Drivers/STM32F1xx_HAL_Driver/Src/stm32f1xx_hal_spi.o
                0x080026b4                HAL_SPI_Init
 .text.HAL_SPI_Transmit
                0x080027bc      0x288 ./Drivers/STM32F1xx_HAL_Driver/Src/stm32f1xx_hal_spi.o
                0x080027bc                HAL_SPI_Transmit
 .text.HAL_SPI_TransmitReceive
                0x08002a44      0x352 ./Drivers/STM32F1xx_HAL_Driver/Src/stm32f1xx_hal_spi.o
                0x08002a44                HAL_SPI_TransmitReceive
 .text.HAL_SPI_GetState
                0x08002d96       0x1a ./Drivers/STM32F1xx_HAL_Driver/Src/stm32f1xx_hal_spi.o
                0x08002d96                HAL_SPI_GetState
 .text.SPI_WaitFlagStateUntilTimeout
                0x08002db0      0x110 ./Drivers/STM32F1xx_HAL_Driver/Src/stm32f1xx_hal_spi.o
 .text.SPI_EndRxTxTransaction
                0x08002ec0       0x62 ./Drivers/STM32F1xx_HAL_Driver/Src/stm32f1xx_hal_spi.o
 .text.HAL_UART_Init
                0x08002f22       0xa0 ./Drivers/STM32F1xx_HAL_Driver/Src/stm32f1xx_hal_uart.o
                0x08002f22                HAL_UART_Init
 .text.HAL_UART_Transmit
                0x08002fc2      0x116 ./Drivers/STM32F1xx_HAL_Driver/Src/stm32f1xx_hal_uart.o
                0x08002fc2                HAL_UART_Transmit
 .text.UART_WaitOnFlagUntilTimeout
                0x080030d8       0xb2 ./Drivers/STM32F1xx_HAL_Driver/Src/stm32f1xx_hal_uart.o
 .text.UART_EndRxTransfer
                0x0800318a       0xc4 ./Drivers/STM32F1xx_HAL_Driver/Src/stm32f1xx_hal_uart.o
 *fill*         0x0800324e        0x2 
 .text.UART_SetConfig
                0x08003250      0x11c ./Drivers/STM32F1xx_HAL_Driver/Src/stm32f1xx_hal_uart.o
 .text.MX_FATFS_Init
                0x0800336c       0x24 ./FATFS/App/fatfs.o
                0x0800336c                MX_FATFS_Init
 .text.get_fattime
                0x08003390        0xe ./FATFS/App/fatfs.o
                0x08003390                get_fattime
 .text.USER_initialize
                0x0800339e       0x1c ./FATFS/Target/user_diskio.o
                0x0800339e                USER_initialize
 .text.USER_status
                0x080033ba       0x1c ./FATFS/Target/user_diskio.o
                0x080033ba                USER_status
 .text.USER_read
                0x080033d6       0x26 ./FATFS/Target/user_diskio.o
                0x080033d6                USER_read
 .text.USER_write
                0x080033fc       0x26 ./FATFS/Target/user_diskio.o
                0x080033fc                USER_write
 .text.USER_ioctl
                0x08003422       0x26 ./FATFS/Target/user_diskio.o
                0x08003422                USER_ioctl
 .text.disk_status
                0x08003448       0x34 ./Middlewares/Third_Party/FatFs/src/diskio.o
                0x08003448                disk_status
 .text.disk_initialize
                0x0800347c       0x4c ./Middlewares/Third_Party/FatFs/src/diskio.o
                0x0800347c                disk_initialize
 .text.disk_read
                0x080034c8       0x40 ./Middlewares/Third_Party/FatFs/src/diskio.o
                0x080034c8                disk_read
 .text.disk_write
                0x08003508       0x40 ./Middlewares/Third_Party/FatFs/src/diskio.o
                0x08003508                disk_write
 .text.disk_ioctl
                0x08003548       0x3c ./Middlewares/Third_Party/FatFs/src/diskio.o
                0x08003548                disk_ioctl
 .text.mem_cpy  0x08003584       0x3c ./Middlewares/Third_Party/FatFs/src/ff.o
 .text.mem_set  0x080035c0       0x34 ./Middlewares/Third_Party/FatFs/src/ff.o
 .text.mem_cmp  0x080035f4       0x4c ./Middlewares/Third_Party/FatFs/src/ff.o
 .text.chk_chr  0x08003640       0x34 ./Middlewares/Third_Party/FatFs/src/ff.o
 .text.chk_lock
                0x08003674       0xe0 ./Middlewares/Third_Party/FatFs/src/ff.o
 .text.enq_lock
                0x08003754       0x48 ./Middlewares/Third_Party/FatFs/src/ff.o
 .text.inc_lock
                0x0800379c      0x178 ./Middlewares/Third_Party/FatFs/src/ff.o
 .text.dec_lock
                0x08003914       0x88 ./Middlewares/Third_Party/FatFs/src/ff.o
 .text.clear_lock
                0x0800399c       0x54 ./Middlewares/Third_Party/FatFs/src/ff.o
 .text.sync_window
                0x080039f0       0xa4 ./Middlewares/Third_Party/FatFs/src/ff.o
 .text.move_window
                0x08003a94       0x64 ./Middlewares/Third_Party/FatFs/src/ff.o
 .text.sync_fs  0x08003af8      0x17e ./Middlewares/Third_Party/FatFs/src/ff.o
 .text.clust2sect
                0x08003c76       0x48 ./Middlewares/Third_Party/FatFs/src/ff.o
                0x08003c76                clust2sect
 .text.get_fat  0x08003cbe      0x1f6 ./Middlewares/Third_Party/FatFs/src/ff.o
                0x08003cbe                get_fat
 .text.put_fat  0x08003eb4      0x2a6 ./Middlewares/Third_Party/FatFs/src/ff.o
                0x08003eb4                put_fat
 .text.remove_chain
                0x0800415a       0xc2 ./Middlewares/Third_Party/FatFs/src/ff.o
 .text.create_chain
                0x0800421c      0x150 ./Middlewares/Third_Party/FatFs/src/ff.o
 .text.clmt_clust
                0x0800436c       0x80 ./Middlewares/Third_Party/FatFs/src/ff.o
 .text.dir_sdi  0x080043ec      0x19c ./Middlewares/Third_Party/FatFs/src/ff.o
 .text.dir_next
                0x08004588      0x294 ./Middlewares/Third_Party/FatFs/src/ff.o
 .text.dir_alloc
                0x0800481c       0x9c ./Middlewares/Third_Party/FatFs/src/ff.o
 .text.ld_clust
                0x080048b8       0x5c ./Middlewares/Third_Party/FatFs/src/ff.o
 .text.st_clust
                0x08004914       0x4c ./Middlewares/Third_Party/FatFs/src/ff.o
 .text.cmp_lfn  0x08004960       0xdc ./Middlewares/Third_Party/FatFs/src/ff.o
 .text.fit_lfn  0x08004a3c       0xe8 ./Middlewares/Third_Party/FatFs/src/ff.o
 .text.gen_numname
                0x08004b24      0x11c ./Middlewares/Third_Party/FatFs/src/ff.o
 .text.sum_sfn  0x08004c40       0x40 ./Middlewares/Third_Party/FatFs/src/ff.o
 .text.dir_find
                0x08004c80      0x198 ./Middlewares/Third_Party/FatFs/src/ff.o
 .text.dir_register
                0x08004e18      0x248 ./Middlewares/Third_Party/FatFs/src/ff.o
 .text.create_name
                0x08005060      0x37c ./Middlewares/Third_Party/FatFs/src/ff.o
 .text.follow_path
                0x080053dc       0xec ./Middlewares/Third_Party/FatFs/src/ff.o
 .text.get_ldnumber
                0x080054c8       0x86 ./Middlewares/Third_Party/FatFs/src/ff.o
 *fill*         0x0800554e        0x2 
 .text.check_fs
                0x08005550       0xdc ./Middlewares/Third_Party/FatFs/src/ff.o
 .text.find_volume
                0x0800562c      0x664 ./Middlewares/Third_Party/FatFs/src/ff.o
 .text.validate
                0x08005c90       0x76 ./Middlewares/Third_Party/FatFs/src/ff.o
 *fill*         0x08005d06        0x2 
 .text.f_mount  0x08005d08       0x94 ./Middlewares/Third_Party/FatFs/src/ff.o
                0x08005d08                f_mount
 .text.f_open   0x08005d9c      0x628 ./Middlewares/Third_Party/FatFs/src/ff.o
                0x08005d9c                f_open
 .text.f_read   0x080063c4      0x3d0 ./Middlewares/Third_Party/FatFs/src/ff.o
                0x080063c4                f_read
 .text.f_write  0x08006794      0x472 ./Middlewares/Third_Party/FatFs/src/ff.o
                0x08006794                f_write
 .text.f_sync   0x08006c06      0x19c ./Middlewares/Third_Party/FatFs/src/ff.o
                0x08006c06                f_sync
 .text.f_close  0x08006da2       0x56 ./Middlewares/Third_Party/FatFs/src/ff.o
                0x08006da2                f_close
 .text.f_getfree
                0x08006df8      0x1b4 ./Middlewares/Third_Party/FatFs/src/ff.o
                0x08006df8                f_getfree
 .text.f_gets   0x08006fac       0x7c ./Middlewares/Third_Party/FatFs/src/ff.o
                0x08006fac                f_gets
 .text.putc_bfd
                0x08007028       0x7a ./Middlewares/Third_Party/FatFs/src/ff.o
 .text.f_puts   0x080070a2       0x72 ./Middlewares/Third_Party/FatFs/src/ff.o
                0x080070a2                f_puts
 .text.FATFS_LinkDriverEx
                0x08007114       0x94 ./Middlewares/Third_Party/FatFs/src/ff_gen_drv.o
                0x08007114                FATFS_LinkDriverEx
 .text.FATFS_LinkDriver
                0x080071a8       0x1e ./Middlewares/Third_Party/FatFs/src/ff_gen_drv.o
                0x080071a8                FATFS_LinkDriver
 *fill*         0x080071c6        0x2 
 .text.ff_convert
                0x080071c8       0x74 ./Middlewares/Third_Party/FatFs/src/option/ccsbcs.o
                0x080071c8                ff_convert
 .text.ff_wtoupper
                0x0800723c       0x5c ./Middlewares/Third_Party/FatFs/src/option/ccsbcs.o
                0x0800723c                ff_wtoupper
 .text.std      0x08007298       0x6c C:/ST/STM32CubeIDE_1.17.0/STM32CubeIDE/plugins/com.st.stm32cube.ide.mcu.externaltools.gnu-tools-for-stm32.12.3.rel1.win32_1.1.0.202410251130/tools/bin/../lib/gcc/arm-none-eabi/12.3.1/../../../../arm-none-eabi/lib/thumb/v7-m/nofp\libc_nano.a(libc_a-findfp.o)
 .text.stdio_exit_handler
                0x08007304       0x18 C:/ST/STM32CubeIDE_1.17.0/STM32CubeIDE/plugins/com.st.stm32cube.ide.mcu.externaltools.gnu-tools-for-stm32.12.3.rel1.win32_1.1.0.202410251130/tools/bin/../lib/gcc/arm-none-eabi/12.3.1/../../../../arm-none-eabi/lib/thumb/v7-m/nofp\libc_nano.a(libc_a-findfp.o)
 .text.cleanup_stdio
                0x0800731c       0x40 C:/ST/STM32CubeIDE_1.17.0/STM32CubeIDE/plugins/com.st.stm32cube.ide.mcu.externaltools.gnu-tools-for-stm32.12.3.rel1.win32_1.1.0.202410251130/tools/bin/../lib/gcc/arm-none-eabi/12.3.1/../../../../arm-none-eabi/lib/thumb/v7-m/nofp\libc_nano.a(libc_a-findfp.o)
 .text.global_stdio_init.part.0
                0x0800735c       0x3c C:/ST/STM32CubeIDE_1.17.0/STM32CubeIDE/plugins/com.st.stm32cube.ide.mcu.externaltools.gnu-tools-for-stm32.12.3.rel1.win32_1.1.0.202410251130/tools/bin/../lib/gcc/arm-none-eabi/12.3.1/../../../../arm-none-eabi/lib/thumb/v7-m/nofp\libc_nano.a(libc_a-findfp.o)
 .text.__sfp_lock_acquire
                0x08007398        0xc C:/ST/STM32CubeIDE_1.17.0/STM32CubeIDE/plugins/com.st.stm32cube.ide.mcu.externaltools.gnu-tools-for-stm32.12.3.rel1.win32_1.1.0.202410251130/tools/bin/../lib/gcc/arm-none-eabi/12.3.1/../../../../arm-none-eabi/lib/thumb/v7-m/nofp\libc_nano.a(libc_a-findfp.o)
                0x08007398                __sfp_lock_acquire
 .text.__sfp_lock_release
                0x080073a4        0xc C:/ST/STM32CubeIDE_1.17.0/STM32CubeIDE/plugins/com.st.stm32cube.ide.mcu.externaltools.gnu-tools-for-stm32.12.3.rel1.win32_1.1.0.202410251130/tools/bin/../lib/gcc/arm-none-eabi/12.3.1/../../../../arm-none-eabi/lib/thumb/v7-m/nofp\libc_nano.a(libc_a-findfp.o)
                0x080073a4                __sfp_lock_release
 .text.__sinit  0x080073b0       0x30 C:/ST/STM32CubeIDE_1.17.0/STM32CubeIDE/plugins/com.st.stm32cube.ide.mcu.externaltools.gnu-tools-for-stm32.12.3.rel1.win32_1.1.0.202410251130/tools/bin/../lib/gcc/arm-none-eabi/12.3.1/../../../../arm-none-eabi/lib/thumb/v7-m/nofp\libc_nano.a(libc_a-findfp.o)
                0x080073b0                __sinit
 .text._fwalk_sglue
                0x080073e0       0x3c C:/ST/STM32CubeIDE_1.17.0/STM32CubeIDE/plugins/com.st.stm32cube.ide.mcu.externaltools.gnu-tools-for-stm32.12.3.rel1.win32_1.1.0.202410251130/tools/bin/../lib/gcc/arm-none-eabi/12.3.1/../../../../arm-none-eabi/lib/thumb/v7-m/nofp\libc_nano.a(libc_a-fwalk.o)
                0x080073e0                _fwalk_sglue
 .text.printf   0x0800741c       0x24 C:/ST/STM32CubeIDE_1.17.0/STM32CubeIDE/plugins/com.st.stm32cube.ide.mcu.externaltools.gnu-tools-for-stm32.12.3.rel1.win32_1.1.0.202410251130/tools/bin/../lib/gcc/arm-none-eabi/12.3.1/../../../../arm-none-eabi/lib/thumb/v7-m/nofp\libc_nano.a(libc_a-printf.o)
                0x0800741c                iprintf
                0x0800741c                printf
 .text._puts_r  0x08007440       0xaa C:/ST/STM32CubeIDE_1.17.0/STM32CubeIDE/plugins/com.st.stm32cube.ide.mcu.externaltools.gnu-tools-for-stm32.12.3.rel1.win32_1.1.0.202410251130/tools/bin/../lib/gcc/arm-none-eabi/12.3.1/../../../../arm-none-eabi/lib/thumb/v7-m/nofp\libc_nano.a(libc_a-puts.o)
                0x08007440                _puts_r
 *fill*         0x080074ea        0x2 
 .text.puts     0x080074ec       0x10 C:/ST/STM32CubeIDE_1.17.0/STM32CubeIDE/plugins/com.st.stm32cube.ide.mcu.externaltools.gnu-tools-for-stm32.12.3.rel1.win32_1.1.0.202410251130/tools/bin/../lib/gcc/arm-none-eabi/12.3.1/../../../../arm-none-eabi/lib/thumb/v7-m/nofp\libc_nano.a(libc_a-puts.o)
                0x080074ec                puts
 .text.__sread  0x080074fc       0x22 C:/ST/STM32CubeIDE_1.17.0/STM32CubeIDE/plugins/com.st.stm32cube.ide.mcu.externaltools.gnu-tools-for-stm32.12.3.rel1.win32_1.1.0.202410251130/tools/bin/../lib/gcc/arm-none-eabi/12.3.1/../../../../arm-none-eabi/lib/thumb/v7-m/nofp\libc_nano.a(libc_a-stdio.o)
                0x080074fc                __sread
 .text.__swrite
                0x0800751e       0x38 C:/ST/STM32CubeIDE_1.17.0/STM32CubeIDE/plugins/com.st.stm32cube.ide.mcu.externaltools.gnu-tools-for-stm32.12.3.rel1.win32_1.1.0.202410251130/tools/bin/../lib/gcc/arm-none-eabi/12.3.1/../../../../arm-none-eabi/lib/thumb/v7-m/nofp\libc_nano.a(libc_a-stdio.o)
                0x0800751e                __swrite
 .text.__sseek  0x08007556       0x24 C:/ST/STM32CubeIDE_1.17.0/STM32CubeIDE/plugins/com.st.stm32cube.ide.mcu.externaltools.gnu-tools-for-stm32.12.3.rel1.win32_1.1.0.202410251130/tools/bin/../lib/gcc/arm-none-eabi/12.3.1/../../../../arm-none-eabi/lib/thumb/v7-m/nofp\libc_nano.a(libc_a-stdio.o)
                0x08007556                __sseek
 .text.__sclose
                0x0800757a        0x8 C:/ST/STM32CubeIDE_1.17.0/STM32CubeIDE/plugins/com.st.stm32cube.ide.mcu.externaltools.gnu-tools-for-stm32.12.3.rel1.win32_1.1.0.202410251130/tools/bin/../lib/gcc/arm-none-eabi/12.3.1/../../../../arm-none-eabi/lib/thumb/v7-m/nofp\libc_nano.a(libc_a-stdio.o)
                0x0800757a                __sclose
 .text.__swbuf_r
                0x08007582       0x7c C:/ST/STM32CubeIDE_1.17.0/STM32CubeIDE/plugins/com.st.stm32cube.ide.mcu.externaltools.gnu-tools-for-stm32.12.3.rel1.win32_1.1.0.202410251130/tools/bin/../lib/gcc/arm-none-eabi/12.3.1/../../../../arm-none-eabi/lib/thumb/v7-m/nofp\libc_nano.a(libc_a-wbuf.o)
                0x08007582                __swbuf_r
 *fill*         0x080075fe        0x2 
 .text.__swsetup_r
                0x08007600       0xac C:/ST/STM32CubeIDE_1.17.0/STM32CubeIDE/plugins/com.st.stm32cube.ide.mcu.externaltools.gnu-tools-for-stm32.12.3.rel1.win32_1.1.0.202410251130/tools/bin/../lib/gcc/arm-none-eabi/12.3.1/../../../../arm-none-eabi/lib/thumb/v7-m/nofp\libc_nano.a(libc_a-wsetup.o)
                0x08007600                __swsetup_r
 .text.memset   0x080076ac       0x10 C:/ST/STM32CubeIDE_1.17.0/STM32CubeIDE/plugins/com.st.stm32cube.ide.mcu.externaltools.gnu-tools-for-stm32.12.3.rel1.win32_1.1.0.202410251130/tools/bin/../lib/gcc/arm-none-eabi/12.3.1/../../../../arm-none-eabi/lib/thumb/v7-m/nofp\libc_nano.a(libc_a-memset.o)
                0x080076ac                memset
 .text._close_r
                0x080076bc       0x20 C:/ST/STM32CubeIDE_1.17.0/STM32CubeIDE/plugins/com.st.stm32cube.ide.mcu.externaltools.gnu-tools-for-stm32.12.3.rel1.win32_1.1.0.202410251130/tools/bin/../lib/gcc/arm-none-eabi/12.3.1/../../../../arm-none-eabi/lib/thumb/v7-m/nofp\libc_nano.a(libc_a-closer.o)
                0x080076bc                _close_r
 .text._lseek_r
                0x080076dc       0x24 C:/ST/STM32CubeIDE_1.17.0/STM32CubeIDE/plugins/com.st.stm32cube.ide.mcu.externaltools.gnu-tools-for-stm32.12.3.rel1.win32_1.1.0.202410251130/tools/bin/../lib/gcc/arm-none-eabi/12.3.1/../../../../arm-none-eabi/lib/thumb/v7-m/nofp\libc_nano.a(libc_a-lseekr.o)
                0x080076dc                _lseek_r
 .text._read_r  0x08007700       0x24 C:/ST/STM32CubeIDE_1.17.0/STM32CubeIDE/plugins/com.st.stm32cube.ide.mcu.externaltools.gnu-tools-for-stm32.12.3.rel1.win32_1.1.0.202410251130/tools/bin/../lib/gcc/arm-none-eabi/12.3.1/../../../../arm-none-eabi/lib/thumb/v7-m/nofp\libc_nano.a(libc_a-readr.o)
                0x08007700                _read_r
 .text._write_r
                0x08007724       0x24 C:/ST/STM32CubeIDE_1.17.0/STM32CubeIDE/plugins/com.st.stm32cube.ide.mcu.externaltools.gnu-tools-for-stm32.12.3.rel1.win32_1.1.0.202410251130/tools/bin/../lib/gcc/arm-none-eabi/12.3.1/../../../../arm-none-eabi/lib/thumb/v7-m/nofp\libc_nano.a(libc_a-writer.o)
                0x08007724                _write_r
 .text.__errno  0x08007748        0xc C:/ST/STM32CubeIDE_1.17.0/STM32CubeIDE/plugins/com.st.stm32cube.ide.mcu.externaltools.gnu-tools-for-stm32.12.3.rel1.win32_1.1.0.202410251130/tools/bin/../lib/gcc/arm-none-eabi/12.3.1/../../../../arm-none-eabi/lib/thumb/v7-m/nofp\libc_nano.a(libc_a-errno.o)
                0x08007748                __errno
 .text.__libc_init_array
                0x08007754       0x48 C:/ST/STM32CubeIDE_1.17.0/STM32CubeIDE/plugins/com.st.stm32cube.ide.mcu.externaltools.gnu-tools-for-stm32.12.3.rel1.win32_1.1.0.202410251130/tools/bin/../lib/gcc/arm-none-eabi/12.3.1/../../../../arm-none-eabi/lib/thumb/v7-m/nofp\libc_nano.a(libc_a-init.o)
                0x08007754                __libc_init_array
 .text.__retarget_lock_init_recursive
                0x0800779c        0x2 C:/ST/STM32CubeIDE_1.17.0/STM32CubeIDE/plugins/com.st.stm32cube.ide.mcu.externaltools.gnu-tools-for-stm32.12.3.rel1.win32_1.1.0.202410251130/tools/bin/../lib/gcc/arm-none-eabi/12.3.1/../../../../arm-none-eabi/lib/thumb/v7-m/nofp\libc_nano.a(libc_a-lock.o)
                0x0800779c                __retarget_lock_init_recursive
 .text.__retarget_lock_acquire_recursive
                0x0800779e        0x2 C:/ST/STM32CubeIDE_1.17.0/STM32CubeIDE/plugins/com.st.stm32cube.ide.mcu.externaltools.gnu-tools-for-stm32.12.3.rel1.win32_1.1.0.202410251130/tools/bin/../lib/gcc/arm-none-eabi/12.3.1/../../../../arm-none-eabi/lib/thumb/v7-m/nofp\libc_nano.a(libc_a-lock.o)
                0x0800779e                __retarget_lock_acquire_recursive
 .text.__retarget_lock_release_recursive
                0x080077a0        0x2 C:/ST/STM32CubeIDE_1.17.0/STM32CubeIDE/plugins/com.st.stm32cube.ide.mcu.externaltools.gnu-tools-for-stm32.12.3.rel1.win32_1.1.0.202410251130/tools/bin/../lib/gcc/arm-none-eabi/12.3.1/../../../../arm-none-eabi/lib/thumb/v7-m/nofp\libc_nano.a(libc_a-lock.o)
                0x080077a0                __retarget_lock_release_recursive
 *fill*         0x080077a2        0x2 
 .text._free_r  0x080077a4       0x90 C:/ST/STM32CubeIDE_1.17.0/STM32CubeIDE/plugins/com.st.stm32cube.ide.mcu.externaltools.gnu-tools-for-stm32.12.3.rel1.win32_1.1.0.202410251130/tools/bin/../lib/gcc/arm-none-eabi/12.3.1/../../../../arm-none-eabi/lib/thumb/v7-m/nofp\libc_nano.a(libc_a-freer.o)
                0x080077a4                _free_r
 .text.sbrk_aligned
                0x08007834       0x44 C:/ST/STM32CubeIDE_1.17.0/STM32CubeIDE/plugins/com.st.stm32cube.ide.mcu.externaltools.gnu-tools-for-stm32.12.3.rel1.win32_1.1.0.202410251130/tools/bin/../lib/gcc/arm-none-eabi/12.3.1/../../../../arm-none-eabi/lib/thumb/v7-m/nofp\libc_nano.a(libc_a-mallocr.o)
 .text._malloc_r
                0x08007878      0x100 C:/ST/STM32CubeIDE_1.17.0/STM32CubeIDE/plugins/com.st.stm32cube.ide.mcu.externaltools.gnu-tools-for-stm32.12.3.rel1.win32_1.1.0.202410251130/tools/bin/../lib/gcc/arm-none-eabi/12.3.1/../../../../arm-none-eabi/lib/thumb/v7-m/nofp\libc_nano.a(libc_a-mallocr.o)
                0x08007878                _malloc_r
 .text.__malloc_lock
                0x08007978        0xc C:/ST/STM32CubeIDE_1.17.0/STM32CubeIDE/plugins/com.st.stm32cube.ide.mcu.externaltools.gnu-tools-for-stm32.12.3.rel1.win32_1.1.0.202410251130/tools/bin/../lib/gcc/arm-none-eabi/12.3.1/../../../../arm-none-eabi/lib/thumb/v7-m/nofp\libc_nano.a(libc_a-mlock.o)
                0x08007978                __malloc_lock
 .text.__malloc_unlock
                0x08007984        0xc C:/ST/STM32CubeIDE_1.17.0/STM32CubeIDE/plugins/com.st.stm32cube.ide.mcu.externaltools.gnu-tools-for-stm32.12.3.rel1.win32_1.1.0.202410251130/tools/bin/../lib/gcc/arm-none-eabi/12.3.1/../../../../arm-none-eabi/lib/thumb/v7-m/nofp\libc_nano.a(libc_a-mlock.o)
                0x08007984                __malloc_unlock
 .text.__sfputc_r
                0x08007990       0x2a C:/ST/STM32CubeIDE_1.17.0/STM32CubeIDE/plugins/com.st.stm32cube.ide.mcu.externaltools.gnu-tools-for-stm32.12.3.rel1.win32_1.1.0.202410251130/tools/bin/../lib/gcc/arm-none-eabi/12.3.1/../../../../arm-none-eabi/lib/thumb/v7-m/nofp\libc_nano.a(libc_a-nano-vfprintf.o)
 .text.__sfputs_r
                0x080079ba       0x24 C:/ST/STM32CubeIDE_1.17.0/STM32CubeIDE/plugins/com.st.stm32cube.ide.mcu.externaltools.gnu-tools-for-stm32.12.3.rel1.win32_1.1.0.202410251130/tools/bin/../lib/gcc/arm-none-eabi/12.3.1/../../../../arm-none-eabi/lib/thumb/v7-m/nofp\libc_nano.a(libc_a-nano-vfprintf.o)
                0x080079ba                __sfputs_r
 *fill*         0x080079de        0x2 
 .text._vfprintf_r
                0x080079e0      0x230 C:/ST/STM32CubeIDE_1.17.0/STM32CubeIDE/plugins/com.st.stm32cube.ide.mcu.externaltools.gnu-tools-for-stm32.12.3.rel1.win32_1.1.0.202410251130/tools/bin/../lib/gcc/arm-none-eabi/12.3.1/../../../../arm-none-eabi/lib/thumb/v7-m/nofp\libc_nano.a(libc_a-nano-vfprintf.o)
                0x080079e0                _vfprintf_r
                0x080079e0                _vfiprintf_r
 .text._printf_common
                0x08007c10       0xe4 C:/ST/STM32CubeIDE_1.17.0/STM32CubeIDE/plugins/com.st.stm32cube.ide.mcu.externaltools.gnu-tools-for-stm32.12.3.rel1.win32_1.1.0.202410251130/tools/bin/../lib/gcc/arm-none-eabi/12.3.1/../../../../arm-none-eabi/lib/thumb/v7-m/nofp\libc_nano.a(libc_a-nano-vfprintf_i.o)
                0x08007c10                _printf_common
 .text._printf_i
                0x08007cf4      0x240 C:/ST/STM32CubeIDE_1.17.0/STM32CubeIDE/plugins/com.st.stm32cube.ide.mcu.externaltools.gnu-tools-for-stm32.12.3.rel1.win32_1.1.0.202410251130/tools/bin/../lib/gcc/arm-none-eabi/12.3.1/../../../../arm-none-eabi/lib/thumb/v7-m/nofp\libc_nano.a(libc_a-nano-vfprintf_i.o)
                0x08007cf4                _printf_i
 .text.__sflush_r
                0x08007f34      0x100 C:/ST/STM32CubeIDE_1.17.0/STM32CubeIDE/plugins/com.st.stm32cube.ide.mcu.externaltools.gnu-tools-for-stm32.12.3.rel1.win32_1.1.0.202410251130/tools/bin/../lib/gcc/arm-none-eabi/12.3.1/../../../../arm-none-eabi/lib/thumb/v7-m/nofp\libc_nano.a(libc_a-fflush.o)
                0x08007f34                __sflush_r
 .text._fflush_r
                0x08008034       0x50 C:/ST/STM32CubeIDE_1.17.0/STM32CubeIDE/plugins/com.st.stm32cube.ide.mcu.externaltools.gnu-tools-for-stm32.12.3.rel1.win32_1.1.0.202410251130/tools/bin/../lib/gcc/arm-none-eabi/12.3.1/../../../../arm-none-eabi/lib/thumb/v7-m/nofp\libc_nano.a(libc_a-fflush.o)
                0x08008034                _fflush_r
 .text.__swhatbuf_r
                0x08008084       0x4a C:/ST/STM32CubeIDE_1.17.0/STM32CubeIDE/plugins/com.st.stm32cube.ide.mcu.externaltools.gnu-tools-for-stm32.12.3.rel1.win32_1.1.0.202410251130/tools/bin/../lib/gcc/arm-none-eabi/12.3.1/../../../../arm-none-eabi/lib/thumb/v7-m/nofp\libc_nano.a(libc_a-makebuf.o)
                0x08008084                __swhatbuf_r
 .text.__smakebuf_r
                0x080080ce       0x78 C:/ST/STM32CubeIDE_1.17.0/STM32CubeIDE/plugins/com.st.stm32cube.ide.mcu.externaltools.gnu-tools-for-stm32.12.3.rel1.win32_1.1.0.202410251130/tools/bin/../lib/gcc/arm-none-eabi/12.3.1/../../../../arm-none-eabi/lib/thumb/v7-m/nofp\libc_nano.a(libc_a-makebuf.o)
                0x080080ce                __smakebuf_r
 *fill*         0x08008146        0x2 
 .text._fstat_r
                0x08008148       0x24 C:/ST/STM32CubeIDE_1.17.0/STM32CubeIDE/plugins/com.st.stm32cube.ide.mcu.externaltools.gnu-tools-for-stm32.12.3.rel1.win32_1.1.0.202410251130/tools/bin/../lib/gcc/arm-none-eabi/12.3.1/../../../../arm-none-eabi/lib/thumb/v7-m/nofp\libc_nano.a(libc_a-fstatr.o)
                0x08008148                _fstat_r
 .text._isatty_r
                0x0800816c       0x20 C:/ST/STM32CubeIDE_1.17.0/STM32CubeIDE/plugins/com.st.stm32cube.ide.mcu.externaltools.gnu-tools-for-stm32.12.3.rel1.win32_1.1.0.202410251130/tools/bin/../lib/gcc/arm-none-eabi/12.3.1/../../../../arm-none-eabi/lib/thumb/v7-m/nofp\libc_nano.a(libc_a-isattyr.o)
                0x0800816c                _isatty_r
 .text._sbrk_r  0x0800818c       0x20 C:/ST/STM32CubeIDE_1.17.0/STM32CubeIDE/plugins/com.st.stm32cube.ide.mcu.externaltools.gnu-tools-for-stm32.12.3.rel1.win32_1.1.0.202410251130/tools/bin/../lib/gcc/arm-none-eabi/12.3.1/../../../../arm-none-eabi/lib/thumb/v7-m/nofp\libc_nano.a(libc_a-sbrkr.o)
                0x0800818c                _sbrk_r
 .text.memchr   0x080081ac       0x1c C:/ST/STM32CubeIDE_1.17.0/STM32CubeIDE/plugins/com.st.stm32cube.ide.mcu.externaltools.gnu-tools-for-stm32.12.3.rel1.win32_1.1.0.202410251130/tools/bin/../lib/gcc/arm-none-eabi/12.3.1/../../../../arm-none-eabi/lib/thumb/v7-m/nofp\libc_nano.a(libc_a-memchr-stub.o)
                0x080081ac                memchr
 *(.glue_7)
 .glue_7        0x080081c8        0x0 linker stubs
 *(.glue_7t)
 .glue_7t       0x080081c8        0x0 linker stubs
 *(.eh_frame)
 .eh_frame      0x080081c8        0x0 C:/ST/STM32CubeIDE_1.17.0/STM32CubeIDE/plugins/com.st.stm32cube.ide.mcu.externaltools.gnu-tools-for-stm32.12.3.rel1.win32_1.1.0.202410251130/tools/bin/../lib/gcc/arm-none-eabi/12.3.1/thumb/v7-m/nofp/crtbegin.o
 *(.init)
 .init          0x080081c8        0x4 C:/ST/STM32CubeIDE_1.17.0/STM32CubeIDE/plugins/com.st.stm32cube.ide.mcu.externaltools.gnu-tools-for-stm32.12.3.rel1.win32_1.1.0.202410251130/tools/bin/../lib/gcc/arm-none-eabi/12.3.1/thumb/v7-m/nofp/crti.o
                0x080081c8                _init
 .init          0x080081cc        0x8 C:/ST/STM32CubeIDE_1.17.0/STM32CubeIDE/plugins/com.st.stm32cube.ide.mcu.externaltools.gnu-tools-for-stm32.12.3.rel1.win32_1.1.0.202410251130/tools/bin/../lib/gcc/arm-none-eabi/12.3.1/thumb/v7-m/nofp/crtn.o
 *(.fini)
 .fini          0x080081d4        0x4 C:/ST/STM32CubeIDE_1.17.0/STM32CubeIDE/plugins/com.st.stm32cube.ide.mcu.externaltools.gnu-tools-for-stm32.12.3.rel1.win32_1.1.0.202410251130/tools/bin/../lib/gcc/arm-none-eabi/12.3.1/thumb/v7-m/nofp/crti.o
                0x080081d4                _fini
 .fini          0x080081d8        0x8 C:/ST/STM32CubeIDE_1.17.0/STM32CubeIDE/plugins/com.st.stm32cube.ide.mcu.externaltools.gnu-tools-for-stm32.12.3.rel1.win32_1.1.0.202410251130/tools/bin/../lib/gcc/arm-none-eabi/12.3.1/thumb/v7-m/nofp/crtn.o
                0x080081e0                        . = ALIGN (0x4)
                0x080081e0                        _etext = .

.vfp11_veneer   0x080081e0        0x0
 .vfp11_veneer  0x080081e0        0x0 linker stubs

.v4_bx          0x080081e0        0x0
 .v4_bx         0x080081e0        0x0 linker stubs

.iplt           0x080081e0        0x0
 .iplt          0x080081e0        0x0 C:/ST/STM32CubeIDE_1.17.0/STM32CubeIDE/plugins/com.st.stm32cube.ide.mcu.externaltools.gnu-tools-for-stm32.12.3.rel1.win32_1.1.0.202410251130/tools/bin/../lib/gcc/arm-none-eabi/12.3.1/thumb/v7-m/nofp/crtbegin.o

.rodata         0x080081e0      0x66c
                0x080081e0                        . = ALIGN (0x4)
 *(.rodata)
 .rodata        0x080081e0       0x72 ./Core/Src/main.o
 *fill*         0x08008252        0x2 
 .rodata        0x08008254       0x48 ./Middlewares/Third_Party/FatFs/src/ff.o
 *(.rodata*)
 .rodata.AHBPrescTable
                0x0800829c       0x10 ./Core/Src/system_stm32f1xx.o
                0x0800829c                AHBPrescTable
 .rodata.APBPrescTable
                0x080082ac        0x8 ./Core/Src/system_stm32f1xx.o
                0x080082ac                APBPrescTable
 .rodata.aPLLMULFactorTable.1
                0x080082b4       0x10 ./Drivers/STM32F1xx_HAL_Driver/Src/stm32f1xx_hal_rcc.o
 .rodata.aPredivFactorTable.0
                0x080082c4        0x2 ./Drivers/STM32F1xx_HAL_Driver/Src/stm32f1xx_hal_rcc.o
 *fill*         0x080082c6        0x2 
 .rodata.ExCvt  0x080082c8       0x80 ./Middlewares/Third_Party/FatFs/src/ff.o
 .rodata.LfnOfs
                0x08008348        0xd ./Middlewares/Third_Party/FatFs/src/ff.o
 *fill*         0x08008355        0x3 
 .rodata.Tbl    0x08008358      0x100 ./Middlewares/Third_Party/FatFs/src/option/ccsbcs.o
 .rodata.tbl_lower.1
                0x08008458      0x1e0 ./Middlewares/Third_Party/FatFs/src/option/ccsbcs.o
 .rodata.tbl_upper.0
                0x08008638      0x1e0 ./Middlewares/Third_Party/FatFs/src/option/ccsbcs.o
 .rodata._vfprintf_r.str1.1
                0x08008818       0x11 C:/ST/STM32CubeIDE_1.17.0/STM32CubeIDE/plugins/com.st.stm32cube.ide.mcu.externaltools.gnu-tools-for-stm32.12.3.rel1.win32_1.1.0.202410251130/tools/bin/../lib/gcc/arm-none-eabi/12.3.1/../../../../arm-none-eabi/lib/thumb/v7-m/nofp\libc_nano.a(libc_a-nano-vfprintf.o)
 .rodata._printf_i.str1.1
                0x08008829       0x22 C:/ST/STM32CubeIDE_1.17.0/STM32CubeIDE/plugins/com.st.stm32cube.ide.mcu.externaltools.gnu-tools-for-stm32.12.3.rel1.win32_1.1.0.202410251130/tools/bin/../lib/gcc/arm-none-eabi/12.3.1/../../../../arm-none-eabi/lib/thumb/v7-m/nofp\libc_nano.a(libc_a-nano-vfprintf_i.o)
                0x0800884c                        . = ALIGN (0x4)
 *fill*         0x0800884b        0x1 

.ARM.extab      0x0800884c        0x0
                0x0800884c                        . = ALIGN (0x4)
 *(.ARM.extab* .gnu.linkonce.armextab.*)
                0x0800884c                        . = ALIGN (0x4)

.ARM            0x0800884c        0x0
                0x0800884c                        . = ALIGN (0x4)
                0x0800884c                        __exidx_start = .
 *(.ARM.exidx*)
                0x0800884c                        __exidx_end = .
                0x0800884c                        . = ALIGN (0x4)

.preinit_array  0x0800884c        0x0
                0x0800884c                        . = ALIGN (0x4)
                0x0800884c                        PROVIDE (__preinit_array_start = .)
 *(.preinit_array*)
                0x0800884c                        PROVIDE (__preinit_array_end = .)
                0x0800884c                        . = ALIGN (0x4)

.init_array     0x0800884c        0x4
                0x0800884c                        . = ALIGN (0x4)
                0x0800884c                        PROVIDE (__init_array_start = .)
 *(SORT_BY_NAME(.init_array.*))
 *(.init_array*)
 .init_array    0x0800884c        0x4 C:/ST/STM32CubeIDE_1.17.0/STM32CubeIDE/plugins/com.st.stm32cube.ide.mcu.externaltools.gnu-tools-for-stm32.12.3.rel1.win32_1.1.0.202410251130/tools/bin/../lib/gcc/arm-none-eabi/12.3.1/thumb/v7-m/nofp/crtbegin.o
                0x08008850                        PROVIDE (__init_array_end = .)
                0x08008850                        . = ALIGN (0x4)

.fini_array     0x08008850        0x4
                0x08008850                        . = ALIGN (0x4)
                [!provide]                        PROVIDE (__fini_array_start = .)
 *(SORT_BY_NAME(.fini_array.*))
 *(.fini_array*)
 .fini_array    0x08008850        0x4 C:/ST/STM32CubeIDE_1.17.0/STM32CubeIDE/plugins/com.st.stm32cube.ide.mcu.externaltools.gnu-tools-for-stm32.12.3.rel1.win32_1.1.0.202410251130/tools/bin/../lib/gcc/arm-none-eabi/12.3.1/thumb/v7-m/nofp/crtbegin.o
                [!provide]                        PROVIDE (__fini_array_end = .)
                0x08008854                        . = ALIGN (0x4)
                0x08008854                        _sidata = LOADADDR (.data)

.rel.dyn        0x08008854        0x0
 .rel.iplt      0x08008854        0x0 C:/ST/STM32CubeIDE_1.17.0/STM32CubeIDE/plugins/com.st.stm32cube.ide.mcu.externaltools.gnu-tools-for-stm32.12.3.rel1.win32_1.1.0.202410251130/tools/bin/../lib/gcc/arm-none-eabi/12.3.1/thumb/v7-m/nofp/crtbegin.o

.data           0x20000000       0x80 load address 0x08008854
                0x20000000                        . = ALIGN (0x4)
                0x20000000                        _sdata = .
 *(.data)
 *(.data*)
 .data.Stat     0x20000000        0x1 ./Core/Src/fatfs_sd.o
 *fill*         0x20000001        0x3 
 .data.SystemCoreClock
                0x20000004        0x4 ./Core/Src/system_stm32f1xx.o
                0x20000004                SystemCoreClock
 .data.uwTickPrio
                0x20000008        0x4 ./Drivers/STM32F1xx_HAL_Driver/Src/stm32f1xx_hal.o
                0x20000008                uwTickPrio
 .data.uwTickFreq
                0x2000000c        0x1 ./Drivers/STM32F1xx_HAL_Driver/Src/stm32f1xx_hal.o
                0x2000000c                uwTickFreq
 *fill*         0x2000000d        0x3 
 .data.USER_Driver
                0x20000010       0x14 ./FATFS/Target/user_diskio.o
                0x20000010                USER_Driver
 .data.__sglue  0x20000024        0xc C:/ST/STM32CubeIDE_1.17.0/STM32CubeIDE/plugins/com.st.stm32cube.ide.mcu.externaltools.gnu-tools-for-stm32.12.3.rel1.win32_1.1.0.202410251130/tools/bin/../lib/gcc/arm-none-eabi/12.3.1/../../../../arm-none-eabi/lib/thumb/v7-m/nofp\libc_nano.a(libc_a-findfp.o)
                0x20000024                __sglue
 .data._impure_ptr
                0x20000030        0x4 C:/ST/STM32CubeIDE_1.17.0/STM32CubeIDE/plugins/com.st.stm32cube.ide.mcu.externaltools.gnu-tools-for-stm32.12.3.rel1.win32_1.1.0.202410251130/tools/bin/../lib/gcc/arm-none-eabi/12.3.1/../../../../arm-none-eabi/lib/thumb/v7-m/nofp\libc_nano.a(libc_a-impure.o)
                0x20000030                _impure_ptr
 .data._impure_data
                0x20000034       0x4c C:/ST/STM32CubeIDE_1.17.0/STM32CubeIDE/plugins/com.st.stm32cube.ide.mcu.externaltools.gnu-tools-for-stm32.12.3.rel1.win32_1.1.0.202410251130/tools/bin/../lib/gcc/arm-none-eabi/12.3.1/../../../../arm-none-eabi/lib/thumb/v7-m/nofp\libc_nano.a(libc_a-impure.o)
                0x20000034                _impure_data
 *(.RamFunc)
 *(.RamFunc*)
                0x20000080                        . = ALIGN (0x4)
                0x20000080                        _edata = .

.igot.plt       0x20000080        0x0 load address 0x080088d4
 .igot.plt      0x20000080        0x0 C:/ST/STM32CubeIDE_1.17.0/STM32CubeIDE/plugins/com.st.stm32cube.ide.mcu.externaltools.gnu-tools-for-stm32.12.3.rel1.win32_1.1.0.202410251130/tools/bin/../lib/gcc/arm-none-eabi/12.3.1/thumb/v7-m/nofp/crtbegin.o
                0x20000080                        . = ALIGN (0x4)

.bss            0x20000080     0x251c load address 0x080088d4
                0x20000080                        _sbss = .
                0x20000080                        __bss_start__ = _sbss
 *(.bss)
 .bss           0x20000080       0x1c C:/ST/STM32CubeIDE_1.17.0/STM32CubeIDE/plugins/com.st.stm32cube.ide.mcu.externaltools.gnu-tools-for-stm32.12.3.rel1.win32_1.1.0.202410251130/tools/bin/../lib/gcc/arm-none-eabi/12.3.1/thumb/v7-m/nofp/crtbegin.o
 *(.bss*)
 .bss.CardType  0x2000009c        0x1 ./Core/Src/fatfs_sd.o
 .bss.PowerFlag
                0x2000009d        0x1 ./Core/Src/fatfs_sd.o
 *fill*         0x2000009e        0x2 
 .bss.hspi1     0x200000a0       0x58 ./Core/Src/main.o
                0x200000a0                hspi1
 .bss.huart1    0x200000f8       0x48 ./Core/Src/main.o
                0x200000f8                huart1
 .bss.fs        0x20000140     0x1030 ./Core/Src/main.o
                0x20000140                fs
 .bss.pfs       0x20001170        0x4 ./Core/Src/main.o
                0x20001170                pfs
 .bss.fil       0x20001174     0x102c ./Core/Src/main.o
                0x20001174                fil
 .bss.fre_clust
                0x200021a0        0x4 ./Core/Src/main.o
                0x200021a0                fre_clust
 .bss.total     0x200021a4        0x4 ./Core/Src/main.o
                0x200021a4                total
 .bss._free     0x200021a8        0x4 ./Core/Src/main.o
                0x200021a8                _free
 .bss.buffer    0x200021ac       0x64 ./Core/Src/main.o
                0x200021ac                buffer
 .bss.FatFsCnt  0x20002210        0x1 ./Core/Src/stm32f1xx_it.o
                0x20002210                FatFsCnt
 .bss.Timer1    0x20002211        0x1 ./Core/Src/stm32f1xx_it.o
                0x20002211                Timer1
 .bss.Timer2    0x20002212        0x1 ./Core/Src/stm32f1xx_it.o
                0x20002212                Timer2
 *fill*         0x20002213        0x1 
 .bss.__sbrk_heap_end
                0x20002214        0x4 ./Core/Src/sysmem.o
 .bss.uwTick    0x20002218        0x4 ./Drivers/STM32F1xx_HAL_Driver/Src/stm32f1xx_hal.o
                0x20002218                uwTick
 .bss.retUSER   0x2000221c        0x1 ./FATFS/App/fatfs.o
                0x2000221c                retUSER
 *fill*         0x2000221d        0x3 
 .bss.USERPath  0x20002220        0x4 ./FATFS/App/fatfs.o
                0x20002220                USERPath
 .bss.FatFs     0x20002224        0x4 ./Middlewares/Third_Party/FatFs/src/ff.o
 .bss.Fsid      0x20002228        0x2 ./Middlewares/Third_Party/FatFs/src/ff.o
 *fill*         0x2000222a        0x2 
 .bss.Files     0x2000222c       0x18 ./Middlewares/Third_Party/FatFs/src/ff.o
 .bss.LfnBuf    0x20002244      0x200 ./Middlewares/Third_Party/FatFs/src/ff.o
 .bss.disk      0x20002444        0xc ./Middlewares/Third_Party/FatFs/src/ff_gen_drv.o
                0x20002444                disk
 .bss.__sf      0x20002450      0x138 C:/ST/STM32CubeIDE_1.17.0/STM32CubeIDE/plugins/com.st.stm32cube.ide.mcu.externaltools.gnu-tools-for-stm32.12.3.rel1.win32_1.1.0.202410251130/tools/bin/../lib/gcc/arm-none-eabi/12.3.1/../../../../arm-none-eabi/lib/thumb/v7-m/nofp\libc_nano.a(libc_a-findfp.o)
                0x20002450                __sf
 .bss.__stdio_exit_handler
                0x20002588        0x4 C:/ST/STM32CubeIDE_1.17.0/STM32CubeIDE/plugins/com.st.stm32cube.ide.mcu.externaltools.gnu-tools-for-stm32.12.3.rel1.win32_1.1.0.202410251130/tools/bin/../lib/gcc/arm-none-eabi/12.3.1/../../../../arm-none-eabi/lib/thumb/v7-m/nofp\libc_nano.a(libc_a-findfp.o)
                0x20002588                __stdio_exit_handler
 .bss.errno     0x2000258c        0x4 C:/ST/STM32CubeIDE_1.17.0/STM32CubeIDE/plugins/com.st.stm32cube.ide.mcu.externaltools.gnu-tools-for-stm32.12.3.rel1.win32_1.1.0.202410251130/tools/bin/../lib/gcc/arm-none-eabi/12.3.1/../../../../arm-none-eabi/lib/thumb/v7-m/nofp\libc_nano.a(libc_a-reent.o)
                0x2000258c                errno
 .bss.__lock___malloc_recursive_mutex
                0x20002590        0x1 C:/ST/STM32CubeIDE_1.17.0/STM32CubeIDE/plugins/com.st.stm32cube.ide.mcu.externaltools.gnu-tools-for-stm32.12.3.rel1.win32_1.1.0.202410251130/tools/bin/../lib/gcc/arm-none-eabi/12.3.1/../../../../arm-none-eabi/lib/thumb/v7-m/nofp\libc_nano.a(libc_a-lock.o)
                0x20002590                __lock___malloc_recursive_mutex
 .bss.__lock___sfp_recursive_mutex
                0x20002591        0x1 C:/ST/STM32CubeIDE_1.17.0/STM32CubeIDE/plugins/com.st.stm32cube.ide.mcu.externaltools.gnu-tools-for-stm32.12.3.rel1.win32_1.1.0.202410251130/tools/bin/../lib/gcc/arm-none-eabi/12.3.1/../../../../arm-none-eabi/lib/thumb/v7-m/nofp\libc_nano.a(libc_a-lock.o)
                0x20002591                __lock___sfp_recursive_mutex
 *fill*         0x20002592        0x2 
 .bss.__malloc_sbrk_start
                0x20002594        0x4 C:/ST/STM32CubeIDE_1.17.0/STM32CubeIDE/plugins/com.st.stm32cube.ide.mcu.externaltools.gnu-tools-for-stm32.12.3.rel1.win32_1.1.0.202410251130/tools/bin/../lib/gcc/arm-none-eabi/12.3.1/../../../../arm-none-eabi/lib/thumb/v7-m/nofp\libc_nano.a(libc_a-mallocr.o)
                0x20002594                __malloc_sbrk_start
 .bss.__malloc_free_list
                0x20002598        0x4 C:/ST/STM32CubeIDE_1.17.0/STM32CubeIDE/plugins/com.st.stm32cube.ide.mcu.externaltools.gnu-tools-for-stm32.12.3.rel1.win32_1.1.0.202410251130/tools/bin/../lib/gcc/arm-none-eabi/12.3.1/../../../../arm-none-eabi/lib/thumb/v7-m/nofp\libc_nano.a(libc_a-mallocr.o)
                0x20002598                __malloc_free_list
 *(COMMON)
                0x2000259c                        . = ALIGN (0x4)
                0x2000259c                        _ebss = .
                0x2000259c                        __bss_end__ = _ebss

._user_heap_stack
                0x2000259c      0x604 load address 0x080088d4
                0x200025a0                        . = ALIGN (0x8)
 *fill*         0x2000259c        0x4 
                [!provide]                        PROVIDE (end = .)
                0x200025a0                        PROVIDE (_end = .)
                0x200027a0                        . = (. + _Min_Heap_Size)
 *fill*         0x200025a0      0x200 
                0x20002ba0                        . = (. + _Min_Stack_Size)
 *fill*         0x200027a0      0x400 
                0x20002ba0                        . = ALIGN (0x8)

/DISCARD/
 libc.a(*)
 libm.a(*)
 libgcc.a(*)

.ARM.attributes
                0x00000000       0x29
 *(.ARM.attributes)
 .ARM.attributes
                0x00000000       0x1d C:/ST/STM32CubeIDE_1.17.0/STM32CubeIDE/plugins/com.st.stm32cube.ide.mcu.externaltools.gnu-tools-for-stm32.12.3.rel1.win32_1.1.0.202410251130/tools/bin/../lib/gcc/arm-none-eabi/12.3.1/thumb/v7-m/nofp/crti.o
 .ARM.attributes
                0x0000001d       0x2d C:/ST/STM32CubeIDE_1.17.0/STM32CubeIDE/plugins/com.st.stm32cube.ide.mcu.externaltools.gnu-tools-for-stm32.12.3.rel1.win32_1.1.0.202410251130/tools/bin/../lib/gcc/arm-none-eabi/12.3.1/thumb/v7-m/nofp/crtbegin.o
 .ARM.attributes
                0x0000004a       0x2d ./Core/Src/fatfs_sd.o
 .ARM.attributes
                0x00000077       0x2d ./Core/Src/main.o
 .ARM.attributes
                0x000000a4       0x2d ./Core/Src/stm32f1xx_hal_msp.o
 .ARM.attributes
                0x000000d1       0x2d ./Core/Src/stm32f1xx_it.o
 .ARM.attributes
                0x000000fe       0x2d ./Core/Src/syscalls.o
 .ARM.attributes
                0x0000012b       0x2d ./Core/Src/sysmem.o
 .ARM.attributes
                0x00000158       0x2d ./Core/Src/system_stm32f1xx.o
 .ARM.attributes
                0x00000185       0x21 ./Core/Startup/startup_stm32f103c8tx.o
 .ARM.attributes
                0x000001a6       0x2d ./Drivers/STM32F1xx_HAL_Driver/Src/stm32f1xx_hal.o
 .ARM.attributes
                0x000001d3       0x2d ./Drivers/STM32F1xx_HAL_Driver/Src/stm32f1xx_hal_cortex.o
 .ARM.attributes
                0x00000200       0x2d ./Drivers/STM32F1xx_HAL_Driver/Src/stm32f1xx_hal_gpio.o
 .ARM.attributes
                0x0000022d       0x2d ./Drivers/STM32F1xx_HAL_Driver/Src/stm32f1xx_hal_rcc.o
 .ARM.attributes
                0x0000025a       0x2d ./Drivers/STM32F1xx_HAL_Driver/Src/stm32f1xx_hal_spi.o
 .ARM.attributes
                0x00000287       0x2d ./Drivers/STM32F1xx_HAL_Driver/Src/stm32f1xx_hal_uart.o
 .ARM.attributes
                0x000002b4       0x2d ./FATFS/App/fatfs.o
 .ARM.attributes
                0x000002e1       0x2d ./FATFS/Target/user_diskio.o
 .ARM.attributes
                0x0000030e       0x2d ./Middlewares/Third_Party/FatFs/src/diskio.o
 .ARM.attributes
                0x0000033b       0x2d ./Middlewares/Third_Party/FatFs/src/ff.o
 .ARM.attributes
                0x00000368       0x2d ./Middlewares/Third_Party/FatFs/src/ff_gen_drv.o
 .ARM.attributes
                0x00000395       0x2d ./Middlewares/Third_Party/FatFs/src/option/ccsbcs.o
 .ARM.attributes
                0x000003c2       0x2d C:/ST/STM32CubeIDE_1.17.0/STM32CubeIDE/plugins/com.st.stm32cube.ide.mcu.externaltools.gnu-tools-for-stm32.12.3.rel1.win32_1.1.0.202410251130/tools/bin/../lib/gcc/arm-none-eabi/12.3.1/../../../../arm-none-eabi/lib/thumb/v7-m/nofp\libc_nano.a(libc_a-findfp.o)
 .ARM.attributes
                0x000003ef       0x2d C:/ST/STM32CubeIDE_1.17.0/STM32CubeIDE/plugins/com.st.stm32cube.ide.mcu.externaltools.gnu-tools-for-stm32.12.3.rel1.win32_1.1.0.202410251130/tools/bin/../lib/gcc/arm-none-eabi/12.3.1/../../../../arm-none-eabi/lib/thumb/v7-m/nofp\libc_nano.a(libc_a-fwalk.o)
 .ARM.attributes
                0x0000041c       0x2d C:/ST/STM32CubeIDE_1.17.0/STM32CubeIDE/plugins/com.st.stm32cube.ide.mcu.externaltools.gnu-tools-for-stm32.12.3.rel1.win32_1.1.0.202410251130/tools/bin/../lib/gcc/arm-none-eabi/12.3.1/../../../../arm-none-eabi/lib/thumb/v7-m/nofp\libc_nano.a(libc_a-printf.o)
 .ARM.attributes
                0x00000449       0x2d C:/ST/STM32CubeIDE_1.17.0/STM32CubeIDE/plugins/com.st.stm32cube.ide.mcu.externaltools.gnu-tools-for-stm32.12.3.rel1.win32_1.1.0.202410251130/tools/bin/../lib/gcc/arm-none-eabi/12.3.1/../../../../arm-none-eabi/lib/thumb/v7-m/nofp\libc_nano.a(libc_a-puts.o)
 .ARM.attributes
                0x00000476       0x2d C:/ST/STM32CubeIDE_1.17.0/STM32CubeIDE/plugins/com.st.stm32cube.ide.mcu.externaltools.gnu-tools-for-stm32.12.3.rel1.win32_1.1.0.202410251130/tools/bin/../lib/gcc/arm-none-eabi/12.3.1/../../../../arm-none-eabi/lib/thumb/v7-m/nofp\libc_nano.a(libc_a-stdio.o)
 .ARM.attributes
                0x000004a3       0x2d C:/ST/STM32CubeIDE_1.17.0/STM32CubeIDE/plugins/com.st.stm32cube.ide.mcu.externaltools.gnu-tools-for-stm32.12.3.rel1.win32_1.1.0.202410251130/tools/bin/../lib/gcc/arm-none-eabi/12.3.1/../../../../arm-none-eabi/lib/thumb/v7-m/nofp\libc_nano.a(libc_a-wbuf.o)
 .ARM.attributes
                0x000004d0       0x2d C:/ST/STM32CubeIDE_1.17.0/STM32CubeIDE/plugins/com.st.stm32cube.ide.mcu.externaltools.gnu-tools-for-stm32.12.3.rel1.win32_1.1.0.202410251130/tools/bin/../lib/gcc/arm-none-eabi/12.3.1/../../../../arm-none-eabi/lib/thumb/v7-m/nofp\libc_nano.a(libc_a-wsetup.o)
 .ARM.attributes
                0x000004fd       0x2d C:/ST/STM32CubeIDE_1.17.0/STM32CubeIDE/plugins/com.st.stm32cube.ide.mcu.externaltools.gnu-tools-for-stm32.12.3.rel1.win32_1.1.0.202410251130/tools/bin/../lib/gcc/arm-none-eabi/12.3.1/../../../../arm-none-eabi/lib/thumb/v7-m/nofp\libc_nano.a(libc_a-memset.o)
 .ARM.attributes
                0x0000052a       0x2d C:/ST/STM32CubeIDE_1.17.0/STM32CubeIDE/plugins/com.st.stm32cube.ide.mcu.externaltools.gnu-tools-for-stm32.12.3.rel1.win32_1.1.0.202410251130/tools/bin/../lib/gcc/arm-none-eabi/12.3.1/../../../../arm-none-eabi/lib/thumb/v7-m/nofp\libc_nano.a(libc_a-closer.o)
 .ARM.attributes
                0x00000557       0x2d C:/ST/STM32CubeIDE_1.17.0/STM32CubeIDE/plugins/com.st.stm32cube.ide.mcu.externaltools.gnu-tools-for-stm32.12.3.rel1.win32_1.1.0.202410251130/tools/bin/../lib/gcc/arm-none-eabi/12.3.1/../../../../arm-none-eabi/lib/thumb/v7-m/nofp\libc_nano.a(libc_a-reent.o)
 .ARM.attributes
                0x00000584       0x2d C:/ST/STM32CubeIDE_1.17.0/STM32CubeIDE/plugins/com.st.stm32cube.ide.mcu.externaltools.gnu-tools-for-stm32.12.3.rel1.win32_1.1.0.202410251130/tools/bin/../lib/gcc/arm-none-eabi/12.3.1/../../../../arm-none-eabi/lib/thumb/v7-m/nofp\libc_nano.a(libc_a-impure.o)
 .ARM.attributes
                0x000005b1       0x2d C:/ST/STM32CubeIDE_1.17.0/STM32CubeIDE/plugins/com.st.stm32cube.ide.mcu.externaltools.gnu-tools-for-stm32.12.3.rel1.win32_1.1.0.202410251130/tools/bin/../lib/gcc/arm-none-eabi/12.3.1/../../../../arm-none-eabi/lib/thumb/v7-m/nofp\libc_nano.a(libc_a-lseekr.o)
 .ARM.attributes
                0x000005de       0x2d C:/ST/STM32CubeIDE_1.17.0/STM32CubeIDE/plugins/com.st.stm32cube.ide.mcu.externaltools.gnu-tools-for-stm32.12.3.rel1.win32_1.1.0.202410251130/tools/bin/../lib/gcc/arm-none-eabi/12.3.1/../../../../arm-none-eabi/lib/thumb/v7-m/nofp\libc_nano.a(libc_a-readr.o)
 .ARM.attributes
                0x0000060b       0x2d C:/ST/STM32CubeIDE_1.17.0/STM32CubeIDE/plugins/com.st.stm32cube.ide.mcu.externaltools.gnu-tools-for-stm32.12.3.rel1.win32_1.1.0.202410251130/tools/bin/../lib/gcc/arm-none-eabi/12.3.1/../../../../arm-none-eabi/lib/thumb/v7-m/nofp\libc_nano.a(libc_a-writer.o)
 .ARM.attributes
                0x00000638       0x2d C:/ST/STM32CubeIDE_1.17.0/STM32CubeIDE/plugins/com.st.stm32cube.ide.mcu.externaltools.gnu-tools-for-stm32.12.3.rel1.win32_1.1.0.202410251130/tools/bin/../lib/gcc/arm-none-eabi/12.3.1/../../../../arm-none-eabi/lib/thumb/v7-m/nofp\libc_nano.a(libc_a-errno.o)
 .ARM.attributes
                0x00000665       0x2d C:/ST/STM32CubeIDE_1.17.0/STM32CubeIDE/plugins/com.st.stm32cube.ide.mcu.externaltools.gnu-tools-for-stm32.12.3.rel1.win32_1.1.0.202410251130/tools/bin/../lib/gcc/arm-none-eabi/12.3.1/../../../../arm-none-eabi/lib/thumb/v7-m/nofp\libc_nano.a(libc_a-init.o)
 .ARM.attributes
                0x00000692       0x2d C:/ST/STM32CubeIDE_1.17.0/STM32CubeIDE/plugins/com.st.stm32cube.ide.mcu.externaltools.gnu-tools-for-stm32.12.3.rel1.win32_1.1.0.202410251130/tools/bin/../lib/gcc/arm-none-eabi/12.3.1/../../../../arm-none-eabi/lib/thumb/v7-m/nofp\libc_nano.a(libc_a-lock.o)
 .ARM.attributes
                0x000006bf       0x2d C:/ST/STM32CubeIDE_1.17.0/STM32CubeIDE/plugins/com.st.stm32cube.ide.mcu.externaltools.gnu-tools-for-stm32.12.3.rel1.win32_1.1.0.202410251130/tools/bin/../lib/gcc/arm-none-eabi/12.3.1/../../../../arm-none-eabi/lib/thumb/v7-m/nofp\libc_nano.a(libc_a-freer.o)
 .ARM.attributes
                0x000006ec       0x2d C:/ST/STM32CubeIDE_1.17.0/STM32CubeIDE/plugins/com.st.stm32cube.ide.mcu.externaltools.gnu-tools-for-stm32.12.3.rel1.win32_1.1.0.202410251130/tools/bin/../lib/gcc/arm-none-eabi/12.3.1/../../../../arm-none-eabi/lib/thumb/v7-m/nofp\libc_nano.a(libc_a-mallocr.o)
 .ARM.attributes
                0x00000719       0x2d C:/ST/STM32CubeIDE_1.17.0/STM32CubeIDE/plugins/com.st.stm32cube.ide.mcu.externaltools.gnu-tools-for-stm32.12.3.rel1.win32_1.1.0.202410251130/tools/bin/../lib/gcc/arm-none-eabi/12.3.1/../../../../arm-none-eabi/lib/thumb/v7-m/nofp\libc_nano.a(libc_a-mlock.o)
 .ARM.attributes
                0x00000746       0x2d C:/ST/STM32CubeIDE_1.17.0/STM32CubeIDE/plugins/com.st.stm32cube.ide.mcu.externaltools.gnu-tools-for-stm32.12.3.rel1.win32_1.1.0.202410251130/tools/bin/../lib/gcc/arm-none-eabi/12.3.1/../../../../arm-none-eabi/lib/thumb/v7-m/nofp\libc_nano.a(libc_a-nano-vfprintf.o)
 .ARM.attributes
                0x00000773       0x2d C:/ST/STM32CubeIDE_1.17.0/STM32CubeIDE/plugins/com.st.stm32cube.ide.mcu.externaltools.gnu-tools-for-stm32.12.3.rel1.win32_1.1.0.202410251130/tools/bin/../lib/gcc/arm-none-eabi/12.3.1/../../../../arm-none-eabi/lib/thumb/v7-m/nofp\libc_nano.a(libc_a-nano-vfprintf_i.o)
 .ARM.attributes
                0x000007a0       0x2d C:/ST/STM32CubeIDE_1.17.0/STM32CubeIDE/plugins/com.st.stm32cube.ide.mcu.externaltools.gnu-tools-for-stm32.12.3.rel1.win32_1.1.0.202410251130/tools/bin/../lib/gcc/arm-none-eabi/12.3.1/../../../../arm-none-eabi/lib/thumb/v7-m/nofp\libc_nano.a(libc_a-fflush.o)
 .ARM.attributes
                0x000007cd       0x2d C:/ST/STM32CubeIDE_1.17.0/STM32CubeIDE/plugins/com.st.stm32cube.ide.mcu.externaltools.gnu-tools-for-stm32.12.3.rel1.win32_1.1.0.202410251130/tools/bin/../lib/gcc/arm-none-eabi/12.3.1/../../../../arm-none-eabi/lib/thumb/v7-m/nofp\libc_nano.a(libc_a-makebuf.o)
 .ARM.attributes
                0x000007fa       0x2d C:/ST/STM32CubeIDE_1.17.0/STM32CubeIDE/plugins/com.st.stm32cube.ide.mcu.externaltools.gnu-tools-for-stm32.12.3.rel1.win32_1.1.0.202410251130/tools/bin/../lib/gcc/arm-none-eabi/12.3.1/../../../../arm-none-eabi/lib/thumb/v7-m/nofp\libc_nano.a(libc_a-fstatr.o)
 .ARM.attributes
                0x00000827       0x2d C:/ST/STM32CubeIDE_1.17.0/STM32CubeIDE/plugins/com.st.stm32cube.ide.mcu.externaltools.gnu-tools-for-stm32.12.3.rel1.win32_1.1.0.202410251130/tools/bin/../lib/gcc/arm-none-eabi/12.3.1/../../../../arm-none-eabi/lib/thumb/v7-m/nofp\libc_nano.a(libc_a-isattyr.o)
 .ARM.attributes
                0x00000854       0x2d C:/ST/STM32CubeIDE_1.17.0/STM32CubeIDE/plugins/com.st.stm32cube.ide.mcu.externaltools.gnu-tools-for-stm32.12.3.rel1.win32_1.1.0.202410251130/tools/bin/../lib/gcc/arm-none-eabi/12.3.1/../../../../arm-none-eabi/lib/thumb/v7-m/nofp\libc_nano.a(libc_a-sbrkr.o)
 .ARM.attributes
                0x00000881       0x2d C:/ST/STM32CubeIDE_1.17.0/STM32CubeIDE/plugins/com.st.stm32cube.ide.mcu.externaltools.gnu-tools-for-stm32.12.3.rel1.win32_1.1.0.202410251130/tools/bin/../lib/gcc/arm-none-eabi/12.3.1/../../../../arm-none-eabi/lib/thumb/v7-m/nofp\libc_nano.a(libc_a-memchr-stub.o)
 .ARM.attributes
                0x000008ae       0x1d C:/ST/STM32CubeIDE_1.17.0/STM32CubeIDE/plugins/com.st.stm32cube.ide.mcu.externaltools.gnu-tools-for-stm32.12.3.rel1.win32_1.1.0.202410251130/tools/bin/../lib/gcc/arm-none-eabi/12.3.1/thumb/v7-m/nofp\libgcc.a(_arm_muldf3.o)
 .ARM.attributes
                0x000008cb       0x1d C:/ST/STM32CubeIDE_1.17.0/STM32CubeIDE/plugins/com.st.stm32cube.ide.mcu.externaltools.gnu-tools-for-stm32.12.3.rel1.win32_1.1.0.202410251130/tools/bin/../lib/gcc/arm-none-eabi/12.3.1/thumb/v7-m/nofp\libgcc.a(_arm_addsubdf3.o)
 .ARM.attributes
                0x000008e8       0x1d C:/ST/STM32CubeIDE_1.17.0/STM32CubeIDE/plugins/com.st.stm32cube.ide.mcu.externaltools.gnu-tools-for-stm32.12.3.rel1.win32_1.1.0.202410251130/tools/bin/../lib/gcc/arm-none-eabi/12.3.1/thumb/v7-m/nofp\libgcc.a(_arm_fixunsdfsi.o)
 .ARM.attributes
                0x00000905       0x1d C:/ST/STM32CubeIDE_1.17.0/STM32CubeIDE/plugins/com.st.stm32cube.ide.mcu.externaltools.gnu-tools-for-stm32.12.3.rel1.win32_1.1.0.202410251130/tools/bin/../lib/gcc/arm-none-eabi/12.3.1/thumb/v7-m/nofp/crtn.o
OUTPUT(sd_spi.elf elf32-littlearm)
LOAD linker stubs
LOAD C:/ST/STM32CubeIDE_1.17.0/STM32CubeIDE/plugins/com.st.stm32cube.ide.mcu.externaltools.gnu-tools-for-stm32.12.3.rel1.win32_1.1.0.202410251130/tools/bin/../lib/gcc/arm-none-eabi/12.3.1/../../../../arm-none-eabi/lib/thumb/v7-m/nofp\libc.a
LOAD C:/ST/STM32CubeIDE_1.17.0/STM32CubeIDE/plugins/com.st.stm32cube.ide.mcu.externaltools.gnu-tools-for-stm32.12.3.rel1.win32_1.1.0.202410251130/tools/bin/../lib/gcc/arm-none-eabi/12.3.1/../../../../arm-none-eabi/lib/thumb/v7-m/nofp\libm.a
LOAD C:/ST/STM32CubeIDE_1.17.0/STM32CubeIDE/plugins/com.st.stm32cube.ide.mcu.externaltools.gnu-tools-for-stm32.12.3.rel1.win32_1.1.0.202410251130/tools/bin/../lib/gcc/arm-none-eabi/12.3.1/thumb/v7-m/nofp\libgcc.a

.debug_info     0x00000000     0xcbf6
 .debug_info    0x00000000      0xbb4 ./Core/Src/fatfs_sd.o
 .debug_info    0x00000bb4     0x1147 ./Core/Src/main.o
 .debug_info    0x00001cfb      0xae0 ./Core/Src/stm32f1xx_hal_msp.o
 .debug_info    0x000027db      0x173 ./Core/Src/stm32f1xx_it.o
 .debug_info    0x0000294e      0x6a3 ./Core/Src/syscalls.o
 .debug_info    0x00002ff1      0x168 ./Core/Src/sysmem.o
 .debug_info    0x00003159      0x222 ./Core/Src/system_stm32f1xx.o
 .debug_info    0x0000337b       0x30 ./Core/Startup/startup_stm32f103c8tx.o
 .debug_info    0x000033ab      0x704 ./Drivers/STM32F1xx_HAL_Driver/Src/stm32f1xx_hal.o
 .debug_info    0x00003aaf      0xa87 ./Drivers/STM32F1xx_HAL_Driver/Src/stm32f1xx_hal_cortex.o
 .debug_info    0x00004536      0x5ab ./Drivers/STM32F1xx_HAL_Driver/Src/stm32f1xx_hal_gpio.o
 .debug_info    0x00004ae1      0x7d5 ./Drivers/STM32F1xx_HAL_Driver/Src/stm32f1xx_hal_rcc.o
 .debug_info    0x000052b6     0x142d ./Drivers/STM32F1xx_HAL_Driver/Src/stm32f1xx_hal_spi.o
 .debug_info    0x000066e3     0x2eed ./Drivers/STM32F1xx_HAL_Driver/Src/stm32f1xx_hal_uart.o
 .debug_info    0x000095d0      0x4dd ./FATFS/App/fatfs.o
 .debug_info    0x00009aad      0x3a5 ./FATFS/Target/user_diskio.o
 .debug_info    0x00009e52      0x3da ./Middlewares/Third_Party/FatFs/src/diskio.o
 .debug_info    0x0000a22c     0x24dd ./Middlewares/Third_Party/FatFs/src/ff.o
 .debug_info    0x0000c709      0x37a ./Middlewares/Third_Party/FatFs/src/ff_gen_drv.o
 .debug_info    0x0000ca83      0x173 ./Middlewares/Third_Party/FatFs/src/option/ccsbcs.o

.debug_abbrev   0x00000000     0x2509
 .debug_abbrev  0x00000000      0x2c7 ./Core/Src/fatfs_sd.o
 .debug_abbrev  0x000002c7      0x375 ./Core/Src/main.o
 .debug_abbrev  0x0000063c      0x1ac ./Core/Src/stm32f1xx_hal_msp.o
 .debug_abbrev  0x000007e8       0x9d ./Core/Src/stm32f1xx_it.o
 .debug_abbrev  0x00000885      0x1b6 ./Core/Src/syscalls.o
 .debug_abbrev  0x00000a3b       0xbc ./Core/Src/sysmem.o
 .debug_abbrev  0x00000af7      0x13f ./Core/Src/system_stm32f1xx.o
 .debug_abbrev  0x00000c36       0x24 ./Core/Startup/startup_stm32f103c8tx.o
 .debug_abbrev  0x00000c5a      0x201 ./Drivers/STM32F1xx_HAL_Driver/Src/stm32f1xx_hal.o
 .debug_abbrev  0x00000e5b      0x2f8 ./Drivers/STM32F1xx_HAL_Driver/Src/stm32f1xx_hal_cortex.o
 .debug_abbrev  0x00001153      0x1ca ./Drivers/STM32F1xx_HAL_Driver/Src/stm32f1xx_hal_gpio.o
 .debug_abbrev  0x0000131d      0x2b3 ./Drivers/STM32F1xx_HAL_Driver/Src/stm32f1xx_hal_rcc.o
 .debug_abbrev  0x000015d0      0x27a ./Drivers/STM32F1xx_HAL_Driver/Src/stm32f1xx_hal_spi.o
 .debug_abbrev  0x0000184a      0x2f8 ./Drivers/STM32F1xx_HAL_Driver/Src/stm32f1xx_hal_uart.o
 .debug_abbrev  0x00001b42      0x1a8 ./FATFS/App/fatfs.o
 .debug_abbrev  0x00001cea      0x144 ./FATFS/Target/user_diskio.o
 .debug_abbrev  0x00001e2e      0x181 ./Middlewares/Third_Party/FatFs/src/diskio.o
 .debug_abbrev  0x00001faf      0x2e6 ./Middlewares/Third_Party/FatFs/src/ff.o
 .debug_abbrev  0x00002295      0x19f ./Middlewares/Third_Party/FatFs/src/ff_gen_drv.o
 .debug_abbrev  0x00002434       0xd5 ./Middlewares/Third_Party/FatFs/src/option/ccsbcs.o

.debug_aranges  0x00000000      0xc80
 .debug_aranges
                0x00000000       0xa0 ./Core/Src/fatfs_sd.o
 .debug_aranges
                0x000000a0       0x58 ./Core/Src/main.o
 .debug_aranges
                0x000000f8       0x40 ./Core/Src/stm32f1xx_hal_msp.o
 .debug_aranges
                0x00000138       0x68 ./Core/Src/stm32f1xx_it.o
 .debug_aranges
                0x000001a0       0xa8 ./Core/Src/syscalls.o
 .debug_aranges
                0x00000248       0x20 ./Core/Src/sysmem.o
 .debug_aranges
                0x00000268       0x28 ./Core/Src/system_stm32f1xx.o
 .debug_aranges
                0x00000290       0x28 ./Core/Startup/startup_stm32f103c8tx.o
 .debug_aranges
                0x000002b8       0xe0 ./Drivers/STM32F1xx_HAL_Driver/Src/stm32f1xx_hal.o
 .debug_aranges
                0x00000398      0x100 ./Drivers/STM32F1xx_HAL_Driver/Src/stm32f1xx_hal_cortex.o
 .debug_aranges
                0x00000498       0x58 ./Drivers/STM32F1xx_HAL_Driver/Src/stm32f1xx_hal_gpio.o
 .debug_aranges
                0x000004f0       0x90 ./Drivers/STM32F1xx_HAL_Driver/Src/stm32f1xx_hal_rcc.o
 .debug_aranges
                0x00000580      0x1d0 ./Drivers/STM32F1xx_HAL_Driver/Src/stm32f1xx_hal_spi.o
 .debug_aranges
                0x00000750      0x208 ./Drivers/STM32F1xx_HAL_Driver/Src/stm32f1xx_hal_uart.o
 .debug_aranges
                0x00000958       0x28 ./FATFS/App/fatfs.o
 .debug_aranges
                0x00000980       0x40 ./FATFS/Target/user_diskio.o
 .debug_aranges
                0x000009c0       0x48 ./Middlewares/Third_Party/FatFs/src/diskio.o
 .debug_aranges
                0x00000a08      0x210 ./Middlewares/Third_Party/FatFs/src/ff.o
 .debug_aranges
                0x00000c18       0x40 ./Middlewares/Third_Party/FatFs/src/ff_gen_drv.o
 .debug_aranges
                0x00000c58       0x28 ./Middlewares/Third_Party/FatFs/src/option/ccsbcs.o

.debug_rnglists
                0x00000000      0x990
 .debug_rnglists
                0x00000000       0x7a ./Core/Src/fatfs_sd.o
 .debug_rnglists
                0x0000007a       0x40 ./Core/Src/main.o
 .debug_rnglists
                0x000000ba       0x2d ./Core/Src/stm32f1xx_hal_msp.o
 .debug_rnglists
                0x000000e7       0x49 ./Core/Src/stm32f1xx_it.o
 .debug_rnglists
                0x00000130       0x79 ./Core/Src/syscalls.o
 .debug_rnglists
                0x000001a9       0x13 ./Core/Src/sysmem.o
 .debug_rnglists
                0x000001bc       0x1a ./Core/Src/system_stm32f1xx.o
 .debug_rnglists
                0x000001d6       0x19 ./Core/Startup/startup_stm32f103c8tx.o
 .debug_rnglists
                0x000001ef       0xa3 ./Drivers/STM32F1xx_HAL_Driver/Src/stm32f1xx_hal.o
 .debug_rnglists
                0x00000292       0xbb ./Drivers/STM32F1xx_HAL_Driver/Src/stm32f1xx_hal_cortex.o
 .debug_rnglists
                0x0000034d       0x3f ./Drivers/STM32F1xx_HAL_Driver/Src/stm32f1xx_hal_gpio.o
 .debug_rnglists
                0x0000038c       0x6c ./Drivers/STM32F1xx_HAL_Driver/Src/stm32f1xx_hal_rcc.o
 .debug_rnglists
                0x000003f8      0x16e ./Drivers/STM32F1xx_HAL_Driver/Src/stm32f1xx_hal_spi.o
 .debug_rnglists
                0x00000566      0x1bc ./Drivers/STM32F1xx_HAL_Driver/Src/stm32f1xx_hal_uart.o
 .debug_rnglists
                0x00000722       0x19 ./FATFS/App/fatfs.o
 .debug_rnglists
                0x0000073b       0x2b ./FATFS/Target/user_diskio.o
 .debug_rnglists
                0x00000766       0x31 ./Middlewares/Third_Party/FatFs/src/diskio.o
 .debug_rnglists
                0x00000797      0x1b4 ./Middlewares/Third_Party/FatFs/src/ff.o
 .debug_rnglists
                0x0000094b       0x2c ./Middlewares/Third_Party/FatFs/src/ff_gen_drv.o
 .debug_rnglists
                0x00000977       0x19 ./Middlewares/Third_Party/FatFs/src/option/ccsbcs.o

.debug_macro    0x00000000    0x19164
 .debug_macro   0x00000000      0x1d7 ./Core/Src/fatfs_sd.o
 .debug_macro   0x000001d7      0xaa8 ./Core/Src/fatfs_sd.o
 .debug_macro   0x00000c7f      0x21b ./Core/Src/fatfs_sd.o
 .debug_macro   0x00000e9a       0x2e ./Core/Src/fatfs_sd.o
 .debug_macro   0x00000ec8       0x22 ./Core/Src/fatfs_sd.o
 .debug_macro   0x00000eea       0x22 ./Core/Src/fatfs_sd.o
 .debug_macro   0x00000f0c       0x8e ./Core/Src/fatfs_sd.o
 .debug_macro   0x00000f9a       0x51 ./Core/Src/fatfs_sd.o
 .debug_macro   0x00000feb      0x103 ./Core/Src/fatfs_sd.o
 .debug_macro   0x000010ee       0x6a ./Core/Src/fatfs_sd.o
 .debug_macro   0x00001158      0x1df ./Core/Src/fatfs_sd.o
 .debug_macro   0x00001337       0x1c ./Core/Src/fatfs_sd.o
 .debug_macro   0x00001353       0x22 ./Core/Src/fatfs_sd.o
 .debug_macro   0x00001375       0xbd ./Core/Src/fatfs_sd.o
 .debug_macro   0x00001432      0xd23 ./Core/Src/fatfs_sd.o
 .debug_macro   0x00002155     0xe09e ./Core/Src/fatfs_sd.o
 .debug_macro   0x000101f3       0x6d ./Core/Src/fatfs_sd.o
 .debug_macro   0x00010260     0x34a2 ./Core/Src/fatfs_sd.o
 .debug_macro   0x00013702      0x189 ./Core/Src/fatfs_sd.o
 .debug_macro   0x0001388b       0x5c ./Core/Src/fatfs_sd.o
 .debug_macro   0x000138e7      0x5bc ./Core/Src/fatfs_sd.o
 .debug_macro   0x00013ea3      0x289 ./Core/Src/fatfs_sd.o
 .debug_macro   0x0001412c      0x1cb ./Core/Src/fatfs_sd.o
 .debug_macro   0x000142f7      0x114 ./Core/Src/fatfs_sd.o
 .debug_macro   0x0001440b      0x1b2 ./Core/Src/fatfs_sd.o
 .debug_macro   0x000145bd       0x27 ./Core/Src/fatfs_sd.o
 .debug_macro   0x000145e4      0x136 ./Core/Src/fatfs_sd.o
 .debug_macro   0x0001471a      0x1bc ./Core/Src/fatfs_sd.o
 .debug_macro   0x000148d6       0x34 ./Core/Src/fatfs_sd.o
 .debug_macro   0x0001490a       0x3c ./Core/Src/fatfs_sd.o
 .debug_macro   0x00014946       0x57 ./Core/Src/fatfs_sd.o
 .debug_macro   0x0001499d       0x87 ./Core/Src/fatfs_sd.o
 .debug_macro   0x00014a24      0x240 ./Core/Src/fatfs_sd.o
 .debug_macro   0x00014c64      0x140 ./Core/Src/fatfs_sd.o
 .debug_macro   0x00014da4      0x217 ./Core/Src/fatfs_sd.o
 .debug_macro   0x00014fbb      0x28e ./Core/Src/fatfs_sd.o
 .debug_macro   0x00015249       0x83 ./Core/Src/fatfs_sd.o
 .debug_macro   0x000152cc       0x16 ./Core/Src/fatfs_sd.o
 .debug_macro   0x000152e2       0x7c ./Core/Src/fatfs_sd.o
 .debug_macro   0x0001535e       0x6a ./Core/Src/fatfs_sd.o
 .debug_macro   0x000153c8      0x2c7 ./Core/Src/main.o
 .debug_macro   0x0001568f       0xde ./Core/Src/main.o
 .debug_macro   0x0001576d       0xf5 ./Core/Src/main.o
 .debug_macro   0x00015862       0x8e ./Core/Src/main.o
 .debug_macro   0x000158f0       0x61 ./Core/Src/main.o
 .debug_macro   0x00015951       0x24 ./Core/Src/main.o
 .debug_macro   0x00015975       0x43 ./Core/Src/main.o
 .debug_macro   0x000159b8       0x34 ./Core/Src/main.o
 .debug_macro   0x000159ec       0x16 ./Core/Src/main.o
 .debug_macro   0x00015a02       0x35 ./Core/Src/main.o
 .debug_macro   0x00015a37      0x369 ./Core/Src/main.o
 .debug_macro   0x00015da0       0x10 ./Core/Src/main.o
 .debug_macro   0x00015db0       0x16 ./Core/Src/main.o
 .debug_macro   0x00015dc6       0x43 ./Core/Src/main.o
 .debug_macro   0x00015e09       0x34 ./Core/Src/main.o
 .debug_macro   0x00015e3d       0x10 ./Core/Src/main.o
 .debug_macro   0x00015e4d       0x58 ./Core/Src/main.o
 .debug_macro   0x00015ea5       0x8e ./Core/Src/main.o
 .debug_macro   0x00015f33       0x1c ./Core/Src/main.o
 .debug_macro   0x00015f4f      0x177 ./Core/Src/main.o
 .debug_macro   0x000160c6       0x16 ./Core/Src/main.o
 .debug_macro   0x000160dc       0x16 ./Core/Src/main.o
 .debug_macro   0x000160f2      0x146 ./Core/Src/main.o
 .debug_macro   0x00016238      0x1a2 ./Core/Src/stm32f1xx_hal_msp.o
 .debug_macro   0x000163da      0x1ac ./Core/Src/stm32f1xx_it.o
 .debug_macro   0x00016586      0x274 ./Core/Src/syscalls.o
 .debug_macro   0x000167fa       0x5b ./Core/Src/syscalls.o
 .debug_macro   0x00016855       0x94 ./Core/Src/syscalls.o
 .debug_macro   0x000168e9       0x57 ./Core/Src/syscalls.o
 .debug_macro   0x00016940       0x10 ./Core/Src/syscalls.o
 .debug_macro   0x00016950       0x10 ./Core/Src/syscalls.o
 .debug_macro   0x00016960       0x10 ./Core/Src/syscalls.o
 .debug_macro   0x00016970       0x10 ./Core/Src/syscalls.o
 .debug_macro   0x00016980       0x1c ./Core/Src/syscalls.o
 .debug_macro   0x0001699c       0x52 ./Core/Src/syscalls.o
 .debug_macro   0x000169ee       0x22 ./Core/Src/syscalls.o
 .debug_macro   0x00016a10       0x10 ./Core/Src/syscalls.o
 .debug_macro   0x00016a20       0x52 ./Core/Src/syscalls.o
 .debug_macro   0x00016a72       0xcf ./Core/Src/syscalls.o
 .debug_macro   0x00016b41       0x1c ./Core/Src/syscalls.o
 .debug_macro   0x00016b5d       0x3d ./Core/Src/syscalls.o
 .debug_macro   0x00016b9a       0x35 ./Core/Src/syscalls.o
 .debug_macro   0x00016bcf      0x12c ./Core/Src/syscalls.o
 .debug_macro   0x00016cfb       0x16 ./Core/Src/syscalls.o
 .debug_macro   0x00016d11       0x16 ./Core/Src/syscalls.o
 .debug_macro   0x00016d27       0x29 ./Core/Src/syscalls.o
 .debug_macro   0x00016d50       0x10 ./Core/Src/syscalls.o
 .debug_macro   0x00016d60      0x242 ./Core/Src/syscalls.o
 .debug_macro   0x00016fa2       0x1c ./Core/Src/syscalls.o
 .debug_macro   0x00016fbe       0x10 ./Core/Src/syscalls.o
 .debug_macro   0x00016fce      0x18a ./Core/Src/syscalls.o
 .debug_macro   0x00017158       0x16 ./Core/Src/syscalls.o
 .debug_macro   0x0001716e       0xce ./Core/Src/syscalls.o
 .debug_macro   0x0001723c       0xff ./Core/Src/sysmem.o
 .debug_macro   0x0001733b      0x23c ./Core/Src/sysmem.o
 .debug_macro   0x00017577      0x198 ./Core/Src/system_stm32f1xx.o
 .debug_macro   0x0001770f      0x1bc ./Drivers/STM32F1xx_HAL_Driver/Src/stm32f1xx_hal.o
 .debug_macro   0x000178cb      0x198 ./Drivers/STM32F1xx_HAL_Driver/Src/stm32f1xx_hal_cortex.o
 .debug_macro   0x00017a63      0x203 ./Drivers/STM32F1xx_HAL_Driver/Src/stm32f1xx_hal_gpio.o
 .debug_macro   0x00017c66      0x1aa ./Drivers/STM32F1xx_HAL_Driver/Src/stm32f1xx_hal_rcc.o
 .debug_macro   0x00017e10      0x1a0 ./Drivers/STM32F1xx_HAL_Driver/Src/stm32f1xx_hal_spi.o
 .debug_macro   0x00017fb0      0x199 ./Drivers/STM32F1xx_HAL_Driver/Src/stm32f1xx_hal_uart.o
 .debug_macro   0x00018149      0x1f5 ./FATFS/App/fatfs.o
 .debug_macro   0x0001833e       0xd8 ./FATFS/App/fatfs.o
 .debug_macro   0x00018416      0x2b3 ./FATFS/Target/user_diskio.o
 .debug_macro   0x000186c9       0x10 ./FATFS/Target/user_diskio.o
 .debug_macro   0x000186d9       0x20 ./FATFS/Target/user_diskio.o
 .debug_macro   0x000186f9       0x56 ./FATFS/Target/user_diskio.o
 .debug_macro   0x0001874f      0x1e2 ./Middlewares/Third_Party/FatFs/src/diskio.o
 .debug_macro   0x00018931      0x429 ./Middlewares/Third_Party/FatFs/src/ff.o
 .debug_macro   0x00018d5a       0x58 ./Middlewares/Third_Party/FatFs/src/ff.o
 .debug_macro   0x00018db2      0x1e2 ./Middlewares/Third_Party/FatFs/src/ff_gen_drv.o
 .debug_macro   0x00018f94      0x1d0 ./Middlewares/Third_Party/FatFs/src/option/ccsbcs.o

.debug_line     0x00000000    0x10fe0
 .debug_line    0x00000000      0xd9d ./Core/Src/fatfs_sd.o
 .debug_line    0x00000d9d      0xa9d ./Core/Src/main.o
 .debug_line    0x0000183a      0x789 ./Core/Src/stm32f1xx_hal_msp.o
 .debug_line    0x00001fc3      0x7da ./Core/Src/stm32f1xx_it.o
 .debug_line    0x0000279d      0x8a8 ./Core/Src/syscalls.o
 .debug_line    0x00003045      0x579 ./Core/Src/sysmem.o
 .debug_line    0x000035be      0x761 ./Core/Src/system_stm32f1xx.o
 .debug_line    0x00003d1f       0x78 ./Core/Startup/startup_stm32f103c8tx.o
 .debug_line    0x00003d97      0x98e ./Drivers/STM32F1xx_HAL_Driver/Src/stm32f1xx_hal.o
 .debug_line    0x00004725      0xb7a ./Drivers/STM32F1xx_HAL_Driver/Src/stm32f1xx_hal_cortex.o
 .debug_line    0x0000529f      0xa27 ./Drivers/STM32F1xx_HAL_Driver/Src/stm32f1xx_hal_gpio.o
 .debug_line    0x00005cc6      0xd97 ./Drivers/STM32F1xx_HAL_Driver/Src/stm32f1xx_hal_rcc.o
 .debug_line    0x00006a5d     0x1cb2 ./Drivers/STM32F1xx_HAL_Driver/Src/stm32f1xx_hal_spi.o
 .debug_line    0x0000870f     0x286d ./Drivers/STM32F1xx_HAL_Driver/Src/stm32f1xx_hal_uart.o
 .debug_line    0x0000af7c      0x77e ./FATFS/App/fatfs.o
 .debug_line    0x0000b6fa      0x911 ./FATFS/Target/user_diskio.o
 .debug_line    0x0000c00b      0x7ef ./Middlewares/Third_Party/FatFs/src/diskio.o
 .debug_line    0x0000c7fa     0x37ea ./Middlewares/Third_Party/FatFs/src/ff.o
 .debug_line    0x0000ffe4      0x80c ./Middlewares/Third_Party/FatFs/src/ff_gen_drv.o
 .debug_line    0x000107f0      0x7f0 ./Middlewares/Third_Party/FatFs/src/option/ccsbcs.o

.debug_str      0x00000000    0x870ad
 .debug_str     0x00000000    0x7e275 ./Core/Src/fatfs_sd.o
                              0x7e62f (size before relaxing)
 .debug_str     0x0007e275     0x4325 ./Core/Src/main.o
                              0x8269a (size before relaxing)
 .debug_str     0x0008259a       0xbb ./Core/Src/stm32f1xx_hal_msp.o
                              0x7e3fd (size before relaxing)
 .debug_str     0x00082655       0xe2 ./Core/Src/stm32f1xx_it.o
                              0x7de1b (size before relaxing)
 .debug_str     0x00082737     0x2077 ./Core/Src/syscalls.o
                               0x9846 (size before relaxing)
 .debug_str     0x000847ae       0x6b ./Core/Src/sysmem.o
                               0x605e (size before relaxing)
 .debug_str     0x00084819       0x7e ./Core/Src/system_stm32f1xx.o
                              0x7ddf8 (size before relaxing)
 .debug_str     0x00084897       0x44 ./Core/Startup/startup_stm32f103c8tx.o
                                 0x69 (size before relaxing)
 .debug_str     0x000848db      0x602 ./Drivers/STM32F1xx_HAL_Driver/Src/stm32f1xx_hal.o
                              0x7e52b (size before relaxing)
 .debug_str     0x00084edd      0x2bb ./Drivers/STM32F1xx_HAL_Driver/Src/stm32f1xx_hal_cortex.o
                              0x7e477 (size before relaxing)
 .debug_str     0x00085198      0x2e6 ./Drivers/STM32F1xx_HAL_Driver/Src/stm32f1xx_hal_gpio.o
                              0x7e17e (size before relaxing)
 .debug_str     0x0008547e      0x229 ./Drivers/STM32F1xx_HAL_Driver/Src/stm32f1xx_hal_rcc.o
                              0x7e227 (size before relaxing)
 .debug_str     0x000856a7      0x52c ./Drivers/STM32F1xx_HAL_Driver/Src/stm32f1xx_hal_spi.o
                              0x7e71e (size before relaxing)
 .debug_str     0x00085bd3      0x60d ./Drivers/STM32F1xx_HAL_Driver/Src/stm32f1xx_hal_uart.o
                              0x7e898 (size before relaxing)
 .debug_str     0x000861e0       0x74 ./FATFS/App/fatfs.o
                              0x7e68b (size before relaxing)
 .debug_str     0x00086254       0xc3 ./FATFS/Target/user_diskio.o
                              0x8183d (size before relaxing)
 .debug_str     0x00086317       0x52 ./Middlewares/Third_Party/FatFs/src/diskio.o
                              0x7e5b1 (size before relaxing)
 .debug_str     0x00086369      0xc60 ./Middlewares/Third_Party/FatFs/src/ff.o
                              0x7f46f (size before relaxing)
 .debug_str     0x00086fc9       0x91 ./Middlewares/Third_Party/FatFs/src/ff_gen_drv.o
                              0x7e602 (size before relaxing)
 .debug_str     0x0008705a       0x53 ./Middlewares/Third_Party/FatFs/src/option/ccsbcs.o
                              0x7e390 (size before relaxing)

.comment        0x00000000       0x43
 .comment       0x00000000       0x43 ./Core/Src/fatfs_sd.o
                                 0x44 (size before relaxing)
 .comment       0x00000043       0x44 ./Core/Src/main.o
 .comment       0x00000043       0x44 ./Core/Src/stm32f1xx_hal_msp.o
 .comment       0x00000043       0x44 ./Core/Src/stm32f1xx_it.o
 .comment       0x00000043       0x44 ./Core/Src/syscalls.o
 .comment       0x00000043       0x44 ./Core/Src/sysmem.o
 .comment       0x00000043       0x44 ./Core/Src/system_stm32f1xx.o
 .comment       0x00000043       0x44 ./Drivers/STM32F1xx_HAL_Driver/Src/stm32f1xx_hal.o
 .comment       0x00000043       0x44 ./Drivers/STM32F1xx_HAL_Driver/Src/stm32f1xx_hal_cortex.o
 .comment       0x00000043       0x44 ./Drivers/STM32F1xx_HAL_Driver/Src/stm32f1xx_hal_gpio.o
 .comment       0x00000043       0x44 ./Drivers/STM32F1xx_HAL_Driver/Src/stm32f1xx_hal_rcc.o
 .comment       0x00000043       0x44 ./Drivers/STM32F1xx_HAL_Driver/Src/stm32f1xx_hal_spi.o
 .comment       0x00000043       0x44 ./Drivers/STM32F1xx_HAL_Driver/Src/stm32f1xx_hal_uart.o
 .comment       0x00000043       0x44 ./FATFS/App/fatfs.o
 .comment       0x00000043       0x44 ./FATFS/Target/user_diskio.o
 .comment       0x00000043       0x44 ./Middlewares/Third_Party/FatFs/src/diskio.o
 .comment       0x00000043       0x44 ./Middlewares/Third_Party/FatFs/src/ff.o
 .comment       0x00000043       0x44 ./Middlewares/Third_Party/FatFs/src/ff_gen_drv.o
 .comment       0x00000043       0x44 ./Middlewares/Third_Party/FatFs/src/option/ccsbcs.o

.debug_frame    0x00000000     0x3ac4
 .debug_frame   0x00000000      0x268 ./Core/Src/fatfs_sd.o
 .debug_frame   0x00000268      0x108 ./Core/Src/main.o
 .debug_frame   0x00000370       0xc8 ./Core/Src/stm32f1xx_hal_msp.o
 .debug_frame   0x00000438      0x124 ./Core/Src/stm32f1xx_it.o
 .debug_frame   0x0000055c      0x2ac ./Core/Src/syscalls.o
 .debug_frame   0x00000808       0x34 ./Core/Src/sysmem.o
 .debug_frame   0x0000083c       0x58 ./Core/Src/system_stm32f1xx.o
 .debug_frame   0x00000894      0x334 ./Drivers/STM32F1xx_HAL_Driver/Src/stm32f1xx_hal.o
 .debug_frame   0x00000bc8      0x428 ./Drivers/STM32F1xx_HAL_Driver/Src/stm32f1xx_hal_cortex.o
 .debug_frame   0x00000ff0      0x14c ./Drivers/STM32F1xx_HAL_Driver/Src/stm32f1xx_hal_gpio.o
 .debug_frame   0x0000113c      0x218 ./Drivers/STM32F1xx_HAL_Driver/Src/stm32f1xx_hal_rcc.o
 .debug_frame   0x00001354      0x824 ./Drivers/STM32F1xx_HAL_Driver/Src/stm32f1xx_hal_spi.o