../Core/Src/ssd1306.c:15:13:ssd1306_WriteCommand	32	static
../Core/Src/ssd1306.c:37:9:ssd1306_Init	8	static
../Core/Src/ssd1306.c:93:6:ssd1306_Fill	24	static
../Core/Src/ssd1306.c:107:6:ssd1306_UpdateScreen	32	static
../Core/Src/ssd1306.c:127:6:ssd1306_DrawPixel	16	static
../Core/Src/ssd1306.c:159:6:ssd1306_WriteChar	48	static
../Core/Src/ssd1306.c:201:6:ssd1306_WriteString	24	static
../Core/Src/ssd1306.c:223:6:ssd1306_SetCursor	16	static
../Core/Src/ssd1306.c:230:6:ssd1306_DrawLine	40	static
../Core/Src/ssd1306.c:315:6:ssd1306_DrawRectangle	32	static
../Core/Src/ssd1306.c:341:6:ssd1306_DrawFilledRectangle	40	static
../Core/Src/ssd1306.c:369:6:ssd1306_DrawTriangle	32	static
../Core/Src/ssd1306.c:378:6:ssd1306_DrawFilledTriangle	64	static
../Core/Src/ssd1306.c:435:6:ssd1306_DrawCircle	40	static
../Core/Src/ssd1306.c:470:6:ssd1306_DrawFilledCircle	48	static
../Core/Src/ssd1306.c:502:6:ssd1306_ON	8	static
../Core/Src/ssd1306.c:509:6:ssd1306_OFF	8	static
